-- Found ament_cmake: 1.3.14 (/opt/ros/humble/share/ament_cmake/cmake)
-- Configuring done
-- Generating done
-- Build files have been written to: /home/mvai/Documents/zjl/Agentic_Robotics/scout_ros2/build/scout_description
-- Install configuration: ""
-- Up-to-date: /home/mvai/Documents/zjl/Agentic_Robotics/scout_ros2/install/scout_description/share/scout_description//launch
-- Installing: /home/mvai/Documents/zjl/Agentic_Robotics/scout_ros2/install/scout_description/share/scout_description//launch/scout_gazebo.launch.py
-- Up-to-date: /home/mvai/Documents/zjl/Agentic_Robotics/scout_ros2/install/scout_description/share/scout_description//launch/scout_base_description.launch.py
-- Up-to-date: /home/mvai/Documents/zjl/Agentic_Robotics/scout_ros2/install/scout_description/share/scout_description//urdf
-- Up-to-date: /home/mvai/Documents/zjl/Agentic_Robotics/scout_ros2/install/scout_description/share/scout_description//urdf/scout_v2.xacro
-- Up-to-date: /home/mvai/Documents/zjl/Agentic_Robotics/scout_ros2/install/scout_description/share/scout_description//urdf/scout_v2.gazebo.xacro
-- Up-to-date: /home/mvai/Documents/zjl/Agentic_Robotics/scout_ros2/install/scout_description/share/scout_description//urdf/scout_v2.urdf
-- Up-to-date: /home/mvai/Documents/zjl/Agentic_Robotics/scout_ros2/install/scout_description/share/scout_description//urdf/generate_urdf.sh
-- Up-to-date: /home/mvai/Documents/zjl/Agentic_Robotics/scout_ros2/install/scout_description/share/scout_description//urdf/scout_wheel_type1.xacro
-- Up-to-date: /home/mvai/Documents/zjl/Agentic_Robotics/scout_ros2/install/scout_description/share/scout_description//urdf/scout_wheel_type2.xacro
-- Up-to-date: /home/mvai/Documents/zjl/Agentic_Robotics/scout_ros2/install/scout_description/share/scout_description//meshes
-- Up-to-date: /home/mvai/Documents/zjl/Agentic_Robotics/scout_ros2/install/scout_description/share/scout_description//meshes/hokuyo.dae
-- Up-to-date: /home/mvai/Documents/zjl/Agentic_Robotics/scout_ros2/install/scout_description/share/scout_description//meshes/wheel_type1.dae
-- Up-to-date: /home/mvai/Documents/zjl/Agentic_Robotics/scout_ros2/install/scout_description/share/scout_description//meshes/base_link_full.dae
-- Up-to-date: /home/mvai/Documents/zjl/Agentic_Robotics/scout_ros2/install/scout_description/share/scout_description//meshes/wheel_type2.dae
-- Up-to-date: /home/mvai/Documents/zjl/Agentic_Robotics/scout_ros2/install/scout_description/share/scout_description//meshes/base_link.dae
-- Up-to-date: /home/mvai/Documents/zjl/Agentic_Robotics/scout_ros2/install/scout_description/share/scout_description//rviz
-- Up-to-date: /home/mvai/Documents/zjl/Agentic_Robotics/scout_ros2/install/scout_description/share/scout_description//rviz/scout_sim.rviz
-- Installing: /home/mvai/Documents/zjl/Agentic_Robotics/scout_ros2/install/scout_description/share/scout_description//worlds
-- Installing: /home/mvai/Documents/zjl/Agentic_Robotics/scout_ros2/install/scout_description/share/scout_description//worlds/scout_empty.world
-- Up-to-date: /home/mvai/Documents/zjl/Agentic_Robotics/scout_ros2/install/scout_description/share/ament_index/resource_index/package_run_dependencies/scout_description
-- Up-to-date: /home/mvai/Documents/zjl/Agentic_Robotics/scout_ros2/install/scout_description/share/ament_index/resource_index/parent_prefix_path/scout_description
-- Up-to-date: /home/mvai/Documents/zjl/Agentic_Robotics/scout_ros2/install/scout_description/share/scout_description/environment/ament_prefix_path.sh
-- Installing: /home/mvai/Documents/zjl/Agentic_Robotics/scout_ros2/install/scout_description/share/scout_description/environment/ament_prefix_path.dsv
-- Up-to-date: /home/mvai/Documents/zjl/Agentic_Robotics/scout_ros2/install/scout_description/share/scout_description/environment/path.sh
-- Installing: /home/mvai/Documents/zjl/Agentic_Robotics/scout_ros2/install/scout_description/share/scout_description/environment/path.dsv
-- Up-to-date: /home/mvai/Documents/zjl/Agentic_Robotics/scout_ros2/install/scout_description/share/scout_description/local_setup.bash
-- Up-to-date: /home/mvai/Documents/zjl/Agentic_Robotics/scout_ros2/install/scout_description/share/scout_description/local_setup.sh
-- Up-to-date: /home/mvai/Documents/zjl/Agentic_Robotics/scout_ros2/install/scout_description/share/scout_description/local_setup.zsh
-- Installing: /home/mvai/Documents/zjl/Agentic_Robotics/scout_ros2/install/scout_description/share/scout_description/local_setup.dsv
-- Installing: /home/mvai/Documents/zjl/Agentic_Robotics/scout_ros2/install/scout_description/share/scout_description/package.dsv
-- Up-to-date: /home/mvai/Documents/zjl/Agentic_Robotics/scout_ros2/install/scout_description/share/ament_index/resource_index/packages/scout_description
-- Up-to-date: /home/mvai/Documents/zjl/Agentic_Robotics/scout_ros2/install/scout_description/share/scout_description/cmake/scout_descriptionConfig.cmake
-- Up-to-date: /home/mvai/Documents/zjl/Agentic_Robotics/scout_ros2/install/scout_description/share/scout_description/cmake/scout_descriptionConfig-version.cmake
-- Up-to-date: /home/mvai/Documents/zjl/Agentic_Robotics/scout_ros2/install/scout_description/share/scout_description/package.xml
