[0.008s] Invoking command in '/home/mvai/Documents/zjl/Agentic_Robotics/scout_ros2/build/scout_description': CMAKE_PREFIX_PATH=/opt/ros/humble /usr/bin/cmake --build /home/mvai/Documents/zjl/Agentic_Robotics/scout_ros2/build/scout_description -- -j24 -l24
[0.022s] -- Found ament_cmake: 1.3.14 (/opt/ros/humble/share/ament_cmake/cmake)
[0.132s] -- Configuring done
[0.133s] -- Generating done
[0.134s] -- Build files have been written to: /home/mvai/Documents/zjl/Agentic_Robotics/scout_ros2/build/scout_description
[0.152s] Invoked command in '/home/mvai/Documents/zjl/Agentic_Robotics/scout_ros2/build/scout_description' returned '0': CMAKE_PREFIX_PATH=/opt/ros/humble /usr/bin/cmake --build /home/mvai/Documents/zjl/Agentic_Robotics/scout_ros2/build/scout_description -- -j24 -l24
[0.159s] Invoking command in '/home/mvai/Documents/zjl/Agentic_Robotics/scout_ros2/build/scout_description': CMAKE_PREFIX_PATH=/opt/ros/humble /usr/bin/cmake --install /home/mvai/Documents/zjl/Agentic_Robotics/scout_ros2/build/scout_description
[0.165s] -- Install configuration: ""
[0.165s] -- Up-to-date: /home/mvai/Documents/zjl/Agentic_Robotics/scout_ros2/install/scout_description/share/scout_description//launch
[0.165s] -- Installing: /home/mvai/Documents/zjl/Agentic_Robotics/scout_ros2/install/scout_description/share/scout_description//launch/scout_gazebo.launch.py
[0.165s] -- Up-to-date: /home/mvai/Documents/zjl/Agentic_Robotics/scout_ros2/install/scout_description/share/scout_description//launch/scout_base_description.launch.py
[0.165s] -- Up-to-date: /home/mvai/Documents/zjl/Agentic_Robotics/scout_ros2/install/scout_description/share/scout_description//urdf
[0.165s] -- Up-to-date: /home/mvai/Documents/zjl/Agentic_Robotics/scout_ros2/install/scout_description/share/scout_description//urdf/scout_v2.xacro
[0.165s] -- Up-to-date: /home/mvai/Documents/zjl/Agentic_Robotics/scout_ros2/install/scout_description/share/scout_description//urdf/scout_v2.gazebo.xacro
[0.165s] -- Up-to-date: /home/mvai/Documents/zjl/Agentic_Robotics/scout_ros2/install/scout_description/share/scout_description//urdf/scout_v2.urdf
[0.165s] -- Up-to-date: /home/mvai/Documents/zjl/Agentic_Robotics/scout_ros2/install/scout_description/share/scout_description//urdf/generate_urdf.sh
[0.166s] -- Up-to-date: /home/mvai/Documents/zjl/Agentic_Robotics/scout_ros2/install/scout_description/share/scout_description//urdf/scout_wheel_type1.xacro
[0.166s] -- Up-to-date: /home/mvai/Documents/zjl/Agentic_Robotics/scout_ros2/install/scout_description/share/scout_description//urdf/scout_wheel_type2.xacro
[0.166s] -- Up-to-date: /home/mvai/Documents/zjl/Agentic_Robotics/scout_ros2/install/scout_description/share/scout_description//meshes
[0.166s] -- Up-to-date: /home/mvai/Documents/zjl/Agentic_Robotics/scout_ros2/install/scout_description/share/scout_description//meshes/hokuyo.dae
[0.166s] -- Up-to-date: /home/mvai/Documents/zjl/Agentic_Robotics/scout_ros2/install/scout_description/share/scout_description//meshes/wheel_type1.dae
[0.166s] -- Up-to-date: /home/mvai/Documents/zjl/Agentic_Robotics/scout_ros2/install/scout_description/share/scout_description//meshes/base_link_full.dae
[0.166s] -- Up-to-date: /home/mvai/Documents/zjl/Agentic_Robotics/scout_ros2/install/scout_description/share/scout_description//meshes/wheel_type2.dae
[0.167s] -- Up-to-date: /home/mvai/Documents/zjl/Agentic_Robotics/scout_ros2/install/scout_description/share/scout_description//meshes/base_link.dae
[0.167s] -- Up-to-date: /home/mvai/Documents/zjl/Agentic_Robotics/scout_ros2/install/scout_description/share/scout_description//rviz
[0.167s] -- Up-to-date: /home/mvai/Documents/zjl/Agentic_Robotics/scout_ros2/install/scout_description/share/scout_description//rviz/scout_sim.rviz
[0.167s] -- Installing: /home/mvai/Documents/zjl/Agentic_Robotics/scout_ros2/install/scout_description/share/scout_description//worlds
[0.167s] -- Installing: /home/mvai/Documents/zjl/Agentic_Robotics/scout_ros2/install/scout_description/share/scout_description//worlds/scout_empty.world
[0.167s] -- Up-to-date: /home/mvai/Documents/zjl/Agentic_Robotics/scout_ros2/install/scout_description/share/ament_index/resource_index/package_run_dependencies/scout_description
[0.167s] -- Up-to-date: /home/mvai/Documents/zjl/Agentic_Robotics/scout_ros2/install/scout_description/share/ament_index/resource_index/parent_prefix_path/scout_description
[0.167s] -- Up-to-date: /home/mvai/Documents/zjl/Agentic_Robotics/scout_ros2/install/scout_description/share/scout_description/environment/ament_prefix_path.sh
[0.167s] -- Installing: /home/mvai/Documents/zjl/Agentic_Robotics/scout_ros2/install/scout_description/share/scout_description/environment/ament_prefix_path.dsv
[0.167s] -- Up-to-date: /home/mvai/Documents/zjl/Agentic_Robotics/scout_ros2/install/scout_description/share/scout_description/environment/path.sh
[0.167s] -- Installing: /home/mvai/Documents/zjl/Agentic_Robotics/scout_ros2/install/scout_description/share/scout_description/environment/path.dsv
[0.167s] -- Up-to-date: /home/mvai/Documents/zjl/Agentic_Robotics/scout_ros2/install/scout_description/share/scout_description/local_setup.bash
[0.167s] -- Up-to-date: /home/mvai/Documents/zjl/Agentic_Robotics/scout_ros2/install/scout_description/share/scout_description/local_setup.sh
[0.167s] -- Up-to-date: /home/mvai/Documents/zjl/Agentic_Robotics/scout_ros2/install/scout_description/share/scout_description/local_setup.zsh
[0.167s] -- Installing: /home/mvai/Documents/zjl/Agentic_Robotics/scout_ros2/install/scout_description/share/scout_description/local_setup.dsv
[0.167s] -- Installing: /home/mvai/Documents/zjl/Agentic_Robotics/scout_ros2/install/scout_description/share/scout_description/package.dsv
[0.167s] -- Up-to-date: /home/mvai/Documents/zjl/Agentic_Robotics/scout_ros2/install/scout_description/share/ament_index/resource_index/packages/scout_description
[0.167s] -- Up-to-date: /home/mvai/Documents/zjl/Agentic_Robotics/scout_ros2/install/scout_description/share/scout_description/cmake/scout_descriptionConfig.cmake
[0.167s] -- Up-to-date: /home/mvai/Documents/zjl/Agentic_Robotics/scout_ros2/install/scout_description/share/scout_description/cmake/scout_descriptionConfig-version.cmake
[0.167s] -- Up-to-date: /home/mvai/Documents/zjl/Agentic_Robotics/scout_ros2/install/scout_description/share/scout_description/package.xml
[0.168s] Invoked command in '/home/mvai/Documents/zjl/Agentic_Robotics/scout_ros2/build/scout_description' returned '0': CMAKE_PREFIX_PATH=/opt/ros/humble /usr/bin/cmake --install /home/mvai/Documents/zjl/Agentic_Robotics/scout_ros2/build/scout_description
