[0.065s] DEBUG:colcon:Command line arguments: ['/usr/bin/colcon', 'build']
[0.065s] DEBUG:colcon:Parsed command line arguments: Namespace(log_base=None, log_level=None, verb_name='build', build_base='build', install_base='install', merge_install=False, symlink_install=False, test_result_base=None, continue_on_error=False, executor='parallel', parallel_workers=24, event_handlers=None, ignore_user_meta=False, metas=['./colcon.meta'], base_paths=['.'], packages_ignore=None, packages_ignore_regex=None, paths=None, packages_up_to=None, packages_up_to_regex=None, packages_above=None, packages_above_and_dependencies=None, packages_above_depth=None, packages_select_by_dep=None, packages_skip_by_dep=None, packages_skip_up_to=None, packages_select_build_failed=False, packages_skip_build_finished=False, packages_select_test_failures=False, packages_skip_test_passed=False, packages_select=None, packages_skip=None, packages_select_regex=None, packages_skip_regex=None, packages_start=None, packages_end=None, allow_overriding=[], cmake_args=None, cmake_target=None, cmake_target_skip_unavailable=False, cmake_clean_cache=False, cmake_clean_first=False, cmake_force_configure=False, ament_cmake_args=None, catkin_cmake_args=None, catkin_skip_building_tests=False, verb_parser=<colcon_defaults.argument_parser.defaults.DefaultArgumentsDecorator object at 0x75de1df777f0>, verb_extension=<colcon_core.verb.build.BuildVerb object at 0x75de1df772b0>, main=<bound method BuildVerb.main of <colcon_core.verb.build.BuildVerb object at 0x75de1df772b0>>)
[0.089s] Level 1:colcon.colcon_core.package_discovery:discover_packages(colcon_meta) check parameters
[0.089s] Level 1:colcon.colcon_core.package_discovery:discover_packages(recursive) check parameters
[0.089s] Level 1:colcon.colcon_core.package_discovery:discover_packages(ignore) check parameters
[0.089s] Level 1:colcon.colcon_core.package_discovery:discover_packages(path) check parameters
[0.089s] Level 1:colcon.colcon_core.package_discovery:discover_packages(colcon_meta) discover
[0.089s] Level 1:colcon.colcon_core.package_discovery:discover_packages(recursive) discover
[0.089s] INFO:colcon.colcon_core.package_discovery:Crawling recursively for packages in '/home/mvai/Documents/zjl/Agentic_Robotics/scout_ros2'
[0.089s] Level 1:colcon.colcon_core.package_identification:_identify(.) by extensions ['ignore', 'ignore_ament_install']
[0.089s] Level 1:colcon.colcon_core.package_identification:_identify(.) by extension 'ignore'
[0.089s] Level 1:colcon.colcon_core.package_identification:_identify(.) by extension 'ignore_ament_install'
[0.089s] Level 1:colcon.colcon_core.package_identification:_identify(.) by extensions ['colcon_pkg']
[0.089s] Level 1:colcon.colcon_core.package_identification:_identify(.) by extension 'colcon_pkg'
[0.089s] Level 1:colcon.colcon_core.package_identification:_identify(.) by extensions ['colcon_meta']
[0.089s] Level 1:colcon.colcon_core.package_identification:_identify(.) by extension 'colcon_meta'
[0.089s] Level 1:colcon.colcon_core.package_identification:_identify(.) by extensions ['ros']
[0.089s] Level 1:colcon.colcon_core.package_identification:_identify(.) by extension 'ros'
[0.097s] Level 1:colcon.colcon_core.package_identification:_identify(.) by extensions ['cmake', 'python']
[0.097s] Level 1:colcon.colcon_core.package_identification:_identify(.) by extension 'cmake'
[0.097s] Level 1:colcon.colcon_core.package_identification:_identify(.) by extension 'python'
[0.097s] Level 1:colcon.colcon_core.package_identification:_identify(.) by extensions ['python_setup_py']
[0.097s] Level 1:colcon.colcon_core.package_identification:_identify(.) by extension 'python_setup_py'
[0.097s] Level 1:colcon.colcon_core.package_identification:_identify(build) by extensions ['ignore', 'ignore_ament_install']
[0.097s] Level 1:colcon.colcon_core.package_identification:_identify(build) by extension 'ignore'
[0.097s] Level 1:colcon.colcon_core.package_identification:_identify(build) ignored
[0.097s] Level 1:colcon.colcon_core.package_identification:_identify(install) by extensions ['ignore', 'ignore_ament_install']
[0.097s] Level 1:colcon.colcon_core.package_identification:_identify(install) by extension 'ignore'
[0.098s] Level 1:colcon.colcon_core.package_identification:_identify(install) ignored
[0.098s] Level 1:colcon.colcon_core.package_identification:_identify(log) by extensions ['ignore', 'ignore_ament_install']
[0.098s] Level 1:colcon.colcon_core.package_identification:_identify(log) by extension 'ignore'
[0.098s] Level 1:colcon.colcon_core.package_identification:_identify(log) ignored
[0.098s] Level 1:colcon.colcon_core.package_identification:_identify(scout_base) by extensions ['ignore', 'ignore_ament_install']
[0.098s] Level 1:colcon.colcon_core.package_identification:_identify(scout_base) by extension 'ignore'
[0.098s] Level 1:colcon.colcon_core.package_identification:_identify(scout_base) by extension 'ignore_ament_install'
[0.098s] Level 1:colcon.colcon_core.package_identification:_identify(scout_base) by extensions ['colcon_pkg']
[0.098s] Level 1:colcon.colcon_core.package_identification:_identify(scout_base) by extension 'colcon_pkg'
[0.098s] Level 1:colcon.colcon_core.package_identification:_identify(scout_base) by extensions ['colcon_meta']
[0.098s] Level 1:colcon.colcon_core.package_identification:_identify(scout_base) by extension 'colcon_meta'
[0.098s] Level 1:colcon.colcon_core.package_identification:_identify(scout_base) by extensions ['ros']
[0.098s] Level 1:colcon.colcon_core.package_identification:_identify(scout_base) by extension 'ros'
[0.099s] DEBUG:colcon.colcon_core.package_identification:Package 'scout_base' with type 'ros.ament_cmake' and name 'scout_base'
[0.100s] Level 1:colcon.colcon_core.package_identification:_identify(scout_description) by extensions ['ignore', 'ignore_ament_install']
[0.100s] Level 1:colcon.colcon_core.package_identification:_identify(scout_description) by extension 'ignore'
[0.100s] Level 1:colcon.colcon_core.package_identification:_identify(scout_description) by extension 'ignore_ament_install'
[0.100s] Level 1:colcon.colcon_core.package_identification:_identify(scout_description) by extensions ['colcon_pkg']
[0.100s] Level 1:colcon.colcon_core.package_identification:_identify(scout_description) by extension 'colcon_pkg'
[0.100s] Level 1:colcon.colcon_core.package_identification:_identify(scout_description) by extensions ['colcon_meta']
[0.100s] Level 1:colcon.colcon_core.package_identification:_identify(scout_description) by extension 'colcon_meta'
[0.100s] Level 1:colcon.colcon_core.package_identification:_identify(scout_description) by extensions ['ros']
[0.100s] Level 1:colcon.colcon_core.package_identification:_identify(scout_description) by extension 'ros'
[0.100s] DEBUG:colcon.colcon_core.package_identification:Package 'scout_description' with type 'ros.ament_cmake' and name 'scout_description'
[0.100s] Level 1:colcon.colcon_core.package_identification:_identify(scout_msgs) by extensions ['ignore', 'ignore_ament_install']
[0.100s] Level 1:colcon.colcon_core.package_identification:_identify(scout_msgs) by extension 'ignore'
[0.100s] Level 1:colcon.colcon_core.package_identification:_identify(scout_msgs) by extension 'ignore_ament_install'
[0.100s] Level 1:colcon.colcon_core.package_identification:_identify(scout_msgs) by extensions ['colcon_pkg']
[0.100s] Level 1:colcon.colcon_core.package_identification:_identify(scout_msgs) by extension 'colcon_pkg'
[0.100s] Level 1:colcon.colcon_core.package_identification:_identify(scout_msgs) by extensions ['colcon_meta']
[0.100s] Level 1:colcon.colcon_core.package_identification:_identify(scout_msgs) by extension 'colcon_meta'
[0.100s] Level 1:colcon.colcon_core.package_identification:_identify(scout_msgs) by extensions ['ros']
[0.100s] Level 1:colcon.colcon_core.package_identification:_identify(scout_msgs) by extension 'ros'
[0.101s] DEBUG:colcon.colcon_core.package_identification:Package 'scout_msgs' with type 'ros.ament_cmake' and name 'scout_msgs'
[0.101s] Level 1:colcon.colcon_core.package_discovery:discover_packages(recursive) using defaults
[0.101s] Level 1:colcon.colcon_core.package_discovery:discover_packages(ignore) discover
[0.101s] Level 1:colcon.colcon_core.package_discovery:discover_packages(ignore) using defaults
[0.101s] Level 1:colcon.colcon_core.package_discovery:discover_packages(path) discover
[0.101s] Level 1:colcon.colcon_core.package_discovery:discover_packages(path) using defaults
[0.112s] Level 1:colcon.colcon_core.package_discovery:discover_packages(prefix_path) check parameters
[0.112s] Level 1:colcon.colcon_core.package_discovery:discover_packages(prefix_path) discover
[0.113s] DEBUG:colcon.colcon_installed_package_information.package_discovery:Found 3 installed packages in /home/mvai/Documents/zjl/Agentic_Robotics/scout_ros2/install
[0.113s] DEBUG:colcon.colcon_installed_package_information.package_discovery:Found 410 installed packages in /opt/ros/humble
[0.114s] Level 1:colcon.colcon_core.package_discovery:discover_packages(prefix_path) using defaults
[0.137s] Level 5:colcon.colcon_core.verb:set package 'scout_description' build argument 'cmake_args' from command line to 'None'
[0.137s] Level 5:colcon.colcon_core.verb:set package 'scout_description' build argument 'cmake_target' from command line to 'None'
[0.137s] Level 5:colcon.colcon_core.verb:set package 'scout_description' build argument 'cmake_target_skip_unavailable' from command line to 'False'
[0.137s] Level 5:colcon.colcon_core.verb:set package 'scout_description' build argument 'cmake_clean_cache' from command line to 'False'
[0.137s] Level 5:colcon.colcon_core.verb:set package 'scout_description' build argument 'cmake_clean_first' from command line to 'False'
[0.137s] Level 5:colcon.colcon_core.verb:set package 'scout_description' build argument 'cmake_force_configure' from command line to 'False'
[0.137s] Level 5:colcon.colcon_core.verb:set package 'scout_description' build argument 'ament_cmake_args' from command line to 'None'
[0.137s] Level 5:colcon.colcon_core.verb:set package 'scout_description' build argument 'catkin_cmake_args' from command line to 'None'
[0.137s] Level 5:colcon.colcon_core.verb:set package 'scout_description' build argument 'catkin_skip_building_tests' from command line to 'False'
[0.137s] DEBUG:colcon.colcon_core.verb:Building package 'scout_description' with the following arguments: {'ament_cmake_args': None, 'build_base': '/home/mvai/Documents/zjl/Agentic_Robotics/scout_ros2/build/scout_description', 'catkin_cmake_args': None, 'catkin_skip_building_tests': False, 'cmake_args': None, 'cmake_clean_cache': False, 'cmake_clean_first': False, 'cmake_force_configure': False, 'cmake_target': None, 'cmake_target_skip_unavailable': False, 'install_base': '/home/mvai/Documents/zjl/Agentic_Robotics/scout_ros2/install/scout_description', 'merge_install': False, 'path': '/home/mvai/Documents/zjl/Agentic_Robotics/scout_ros2/scout_description', 'symlink_install': False, 'test_result_base': None}
[0.137s] Level 5:colcon.colcon_core.verb:set package 'scout_msgs' build argument 'cmake_args' from command line to 'None'
[0.137s] Level 5:colcon.colcon_core.verb:set package 'scout_msgs' build argument 'cmake_target' from command line to 'None'
[0.137s] Level 5:colcon.colcon_core.verb:set package 'scout_msgs' build argument 'cmake_target_skip_unavailable' from command line to 'False'
[0.137s] Level 5:colcon.colcon_core.verb:set package 'scout_msgs' build argument 'cmake_clean_cache' from command line to 'False'
[0.137s] Level 5:colcon.colcon_core.verb:set package 'scout_msgs' build argument 'cmake_clean_first' from command line to 'False'
[0.137s] Level 5:colcon.colcon_core.verb:set package 'scout_msgs' build argument 'cmake_force_configure' from command line to 'False'
[0.137s] Level 5:colcon.colcon_core.verb:set package 'scout_msgs' build argument 'ament_cmake_args' from command line to 'None'
[0.137s] Level 5:colcon.colcon_core.verb:set package 'scout_msgs' build argument 'catkin_cmake_args' from command line to 'None'
[0.137s] Level 5:colcon.colcon_core.verb:set package 'scout_msgs' build argument 'catkin_skip_building_tests' from command line to 'False'
[0.138s] DEBUG:colcon.colcon_core.verb:Building package 'scout_msgs' with the following arguments: {'ament_cmake_args': None, 'build_base': '/home/mvai/Documents/zjl/Agentic_Robotics/scout_ros2/build/scout_msgs', 'catkin_cmake_args': None, 'catkin_skip_building_tests': False, 'cmake_args': None, 'cmake_clean_cache': False, 'cmake_clean_first': False, 'cmake_force_configure': False, 'cmake_target': None, 'cmake_target_skip_unavailable': False, 'install_base': '/home/mvai/Documents/zjl/Agentic_Robotics/scout_ros2/install/scout_msgs', 'merge_install': False, 'path': '/home/mvai/Documents/zjl/Agentic_Robotics/scout_ros2/scout_msgs', 'symlink_install': False, 'test_result_base': None}
[0.138s] Level 5:colcon.colcon_core.verb:set package 'scout_base' build argument 'cmake_args' from command line to 'None'
[0.138s] Level 5:colcon.colcon_core.verb:set package 'scout_base' build argument 'cmake_target' from command line to 'None'
[0.138s] Level 5:colcon.colcon_core.verb:set package 'scout_base' build argument 'cmake_target_skip_unavailable' from command line to 'False'
[0.138s] Level 5:colcon.colcon_core.verb:set package 'scout_base' build argument 'cmake_clean_cache' from command line to 'False'
[0.138s] Level 5:colcon.colcon_core.verb:set package 'scout_base' build argument 'cmake_clean_first' from command line to 'False'
[0.138s] Level 5:colcon.colcon_core.verb:set package 'scout_base' build argument 'cmake_force_configure' from command line to 'False'
[0.138s] Level 5:colcon.colcon_core.verb:set package 'scout_base' build argument 'ament_cmake_args' from command line to 'None'
[0.138s] Level 5:colcon.colcon_core.verb:set package 'scout_base' build argument 'catkin_cmake_args' from command line to 'None'
[0.138s] Level 5:colcon.colcon_core.verb:set package 'scout_base' build argument 'catkin_skip_building_tests' from command line to 'False'
[0.138s] DEBUG:colcon.colcon_core.verb:Building package 'scout_base' with the following arguments: {'ament_cmake_args': None, 'build_base': '/home/mvai/Documents/zjl/Agentic_Robotics/scout_ros2/build/scout_base', 'catkin_cmake_args': None, 'catkin_skip_building_tests': False, 'cmake_args': None, 'cmake_clean_cache': False, 'cmake_clean_first': False, 'cmake_force_configure': False, 'cmake_target': None, 'cmake_target_skip_unavailable': False, 'install_base': '/home/mvai/Documents/zjl/Agentic_Robotics/scout_ros2/install/scout_base', 'merge_install': False, 'path': '/home/mvai/Documents/zjl/Agentic_Robotics/scout_ros2/scout_base', 'symlink_install': False, 'test_result_base': None}
[0.138s] INFO:colcon.colcon_core.executor:Executing jobs using 'parallel' executor
[0.138s] DEBUG:colcon.colcon_parallel_executor.executor.parallel:run_until_complete
[0.139s] INFO:colcon.colcon_ros.task.ament_cmake.build:Building ROS package in '/home/mvai/Documents/zjl/Agentic_Robotics/scout_ros2/scout_msgs' with build type 'ament_cmake'
[0.139s] INFO:colcon.colcon_cmake.task.cmake.build:Building CMake package in '/home/mvai/Documents/zjl/Agentic_Robotics/scout_ros2/scout_msgs'
[0.140s] INFO:colcon.colcon_core.plugin_system:Skipping extension 'colcon_core.shell.bat': Not used on non-Windows systems
[0.140s] INFO:colcon.colcon_core.shell:Skip shell extension 'powershell' for command environment: Not usable outside of PowerShell
[0.140s] DEBUG:colcon.colcon_core.shell:Skip shell extension 'dsv' for command environment
[0.142s] INFO:colcon.colcon_ros.task.ament_cmake.build:Building ROS package in '/home/mvai/Documents/zjl/Agentic_Robotics/scout_ros2/scout_description' with build type 'ament_cmake'
[0.142s] INFO:colcon.colcon_cmake.task.cmake.build:Building CMake package in '/home/mvai/Documents/zjl/Agentic_Robotics/scout_ros2/scout_description'
[0.142s] INFO:colcon.colcon_core.shell:Skip shell extension 'powershell' for command environment: Not usable outside of PowerShell
[0.143s] DEBUG:colcon.colcon_core.shell:Skip shell extension 'dsv' for command environment
[0.148s] DEBUG:colcon.colcon_core.event_handler.log_command:Invoking command in '/home/mvai/Documents/zjl/Agentic_Robotics/scout_ros2/build/scout_msgs': CMAKE_PREFIX_PATH=${CMAKE_PREFIX_PATH}:/opt/ros/humble /usr/bin/cmake --build /home/mvai/Documents/zjl/Agentic_Robotics/scout_ros2/build/scout_msgs -- -j24 -l24
[0.151s] DEBUG:colcon.colcon_core.event_handler.log_command:Invoking command in '/home/mvai/Documents/zjl/Agentic_Robotics/scout_ros2/build/scout_description': CMAKE_PREFIX_PATH=${CMAKE_PREFIX_PATH}:/opt/ros/humble /usr/bin/cmake --build /home/mvai/Documents/zjl/Agentic_Robotics/scout_ros2/build/scout_description -- -j24 -l24
[0.178s] DEBUG:colcon.colcon_core.event_handler.log_command:Invoked command in '/home/mvai/Documents/zjl/Agentic_Robotics/scout_ros2/build/scout_description' returned '0': CMAKE_PREFIX_PATH=${CMAKE_PREFIX_PATH}:/opt/ros/humble /usr/bin/cmake --build /home/mvai/Documents/zjl/Agentic_Robotics/scout_ros2/build/scout_description -- -j24 -l24
[0.186s] DEBUG:colcon.colcon_core.event_handler.log_command:Invoking command in '/home/mvai/Documents/zjl/Agentic_Robotics/scout_ros2/build/scout_description': CMAKE_PREFIX_PATH=${CMAKE_PREFIX_PATH}:/opt/ros/humble /usr/bin/cmake --install /home/mvai/Documents/zjl/Agentic_Robotics/scout_ros2/build/scout_description
[0.194s] Level 1:colcon.colcon_core.environment:create_environment_scripts_only(scout_description)
[0.198s] DEBUG:colcon.colcon_core.event_handler.log_command:Invoked command in '/home/mvai/Documents/zjl/Agentic_Robotics/scout_ros2/build/scout_description' returned '0': CMAKE_PREFIX_PATH=${CMAKE_PREFIX_PATH}:/opt/ros/humble /usr/bin/cmake --install /home/mvai/Documents/zjl/Agentic_Robotics/scout_ros2/build/scout_description
[0.199s] Level 1:colcon.colcon_core.environment:checking '/home/mvai/Documents/zjl/Agentic_Robotics/scout_ros2/install/scout_description' for CMake module files
[0.199s] Level 1:colcon.colcon_core.environment:checking '/home/mvai/Documents/zjl/Agentic_Robotics/scout_ros2/install/scout_description' for CMake config files
[0.199s] Level 1:colcon.colcon_core.shell:create_environment_hook('scout_description', 'cmake_prefix_path')
[0.199s] INFO:colcon.colcon_core.shell:Creating environment hook '/home/mvai/Documents/zjl/Agentic_Robotics/scout_ros2/install/scout_description/share/scout_description/hook/cmake_prefix_path.ps1'
[0.200s] INFO:colcon.colcon_core.shell:Creating environment descriptor '/home/mvai/Documents/zjl/Agentic_Robotics/scout_ros2/install/scout_description/share/scout_description/hook/cmake_prefix_path.dsv'
[0.200s] INFO:colcon.colcon_core.shell:Creating environment hook '/home/mvai/Documents/zjl/Agentic_Robotics/scout_ros2/install/scout_description/share/scout_description/hook/cmake_prefix_path.sh'
[0.201s] Level 1:colcon.colcon_core.environment:checking '/home/mvai/Documents/zjl/Agentic_Robotics/scout_ros2/install/scout_description/bin'
[0.201s] Level 1:colcon.colcon_core.environment:checking '/home/mvai/Documents/zjl/Agentic_Robotics/scout_ros2/install/scout_description/lib/pkgconfig/scout_description.pc'
[0.201s] Level 1:colcon.colcon_core.environment:checking '/home/mvai/Documents/zjl/Agentic_Robotics/scout_ros2/install/scout_description/lib/python3.10/site-packages'
[0.202s] Level 1:colcon.colcon_core.environment:checking '/home/mvai/Documents/zjl/Agentic_Robotics/scout_ros2/install/scout_description/bin'
[0.202s] INFO:colcon.colcon_core.shell:Creating package script '/home/mvai/Documents/zjl/Agentic_Robotics/scout_ros2/install/scout_description/share/scout_description/package.ps1'
[0.203s] INFO:colcon.colcon_core.shell:Creating package descriptor '/home/mvai/Documents/zjl/Agentic_Robotics/scout_ros2/install/scout_description/share/scout_description/package.dsv'
[0.204s] INFO:colcon.colcon_core.shell:Creating package script '/home/mvai/Documents/zjl/Agentic_Robotics/scout_ros2/install/scout_description/share/scout_description/package.sh'
[0.204s] INFO:colcon.colcon_core.shell:Creating package script '/home/mvai/Documents/zjl/Agentic_Robotics/scout_ros2/install/scout_description/share/scout_description/package.bash'
[0.212s] INFO:colcon.colcon_core.shell:Creating package script '/home/mvai/Documents/zjl/Agentic_Robotics/scout_ros2/install/scout_description/share/scout_description/package.zsh'
[0.212s] Level 1:colcon.colcon_core.environment:create_file_with_runtime_dependencies(/home/mvai/Documents/zjl/Agentic_Robotics/scout_ros2/install/scout_description/share/colcon-core/packages/scout_description)
[0.213s] Level 1:colcon.colcon_core.environment:create_environment_scripts_only(scout_description)
[0.213s] Level 1:colcon.colcon_core.environment:checking '/home/mvai/Documents/zjl/Agentic_Robotics/scout_ros2/install/scout_description' for CMake module files
[0.213s] Level 1:colcon.colcon_core.environment:checking '/home/mvai/Documents/zjl/Agentic_Robotics/scout_ros2/install/scout_description' for CMake config files
[0.213s] Level 1:colcon.colcon_core.shell:create_environment_hook('scout_description', 'cmake_prefix_path')
[0.214s] INFO:colcon.colcon_core.shell:Creating environment hook '/home/mvai/Documents/zjl/Agentic_Robotics/scout_ros2/install/scout_description/share/scout_description/hook/cmake_prefix_path.ps1'
[0.214s] INFO:colcon.colcon_core.shell:Creating environment descriptor '/home/mvai/Documents/zjl/Agentic_Robotics/scout_ros2/install/scout_description/share/scout_description/hook/cmake_prefix_path.dsv'
[0.214s] INFO:colcon.colcon_core.shell:Creating environment hook '/home/mvai/Documents/zjl/Agentic_Robotics/scout_ros2/install/scout_description/share/scout_description/hook/cmake_prefix_path.sh'
[0.214s] Level 1:colcon.colcon_core.environment:checking '/home/mvai/Documents/zjl/Agentic_Robotics/scout_ros2/install/scout_description/bin'
[0.214s] Level 1:colcon.colcon_core.environment:checking '/home/mvai/Documents/zjl/Agentic_Robotics/scout_ros2/install/scout_description/lib/pkgconfig/scout_description.pc'
[0.214s] Level 1:colcon.colcon_core.environment:checking '/home/mvai/Documents/zjl/Agentic_Robotics/scout_ros2/install/scout_description/lib/python3.10/site-packages'
[0.215s] Level 1:colcon.colcon_core.environment:checking '/home/mvai/Documents/zjl/Agentic_Robotics/scout_ros2/install/scout_description/bin'
[0.215s] INFO:colcon.colcon_core.shell:Creating package script '/home/mvai/Documents/zjl/Agentic_Robotics/scout_ros2/install/scout_description/share/scout_description/package.ps1'
[0.215s] INFO:colcon.colcon_core.shell:Creating package descriptor '/home/mvai/Documents/zjl/Agentic_Robotics/scout_ros2/install/scout_description/share/scout_description/package.dsv'
[0.216s] INFO:colcon.colcon_core.shell:Creating package script '/home/mvai/Documents/zjl/Agentic_Robotics/scout_ros2/install/scout_description/share/scout_description/package.sh'
[0.216s] INFO:colcon.colcon_core.shell:Creating package script '/home/mvai/Documents/zjl/Agentic_Robotics/scout_ros2/install/scout_description/share/scout_description/package.bash'
[0.216s] INFO:colcon.colcon_core.shell:Creating package script '/home/mvai/Documents/zjl/Agentic_Robotics/scout_ros2/install/scout_description/share/scout_description/package.zsh'
[0.216s] Level 1:colcon.colcon_core.environment:create_file_with_runtime_dependencies(/home/mvai/Documents/zjl/Agentic_Robotics/scout_ros2/install/scout_description/share/colcon-core/packages/scout_description)
[0.401s] DEBUG:colcon.colcon_core.event_handler.log_command:Invoked command in '/home/mvai/Documents/zjl/Agentic_Robotics/scout_ros2/build/scout_msgs' returned '0': CMAKE_PREFIX_PATH=${CMAKE_PREFIX_PATH}:/opt/ros/humble /usr/bin/cmake --build /home/mvai/Documents/zjl/Agentic_Robotics/scout_ros2/build/scout_msgs -- -j24 -l24
[0.403s] DEBUG:colcon.colcon_core.event_handler.log_command:Invoking command in '/home/mvai/Documents/zjl/Agentic_Robotics/scout_ros2/build/scout_msgs': CMAKE_PREFIX_PATH=${CMAKE_PREFIX_PATH}:/opt/ros/humble /usr/bin/cmake --install /home/mvai/Documents/zjl/Agentic_Robotics/scout_ros2/build/scout_msgs
[0.438s] Level 1:colcon.colcon_core.environment:create_environment_scripts_only(scout_msgs)
[0.439s] Level 1:colcon.colcon_core.environment:checking '/home/mvai/Documents/zjl/Agentic_Robotics/scout_ros2/install/scout_msgs' for CMake module files
[0.442s] DEBUG:colcon.colcon_core.event_handler.log_command:Invoked command in '/home/mvai/Documents/zjl/Agentic_Robotics/scout_ros2/build/scout_msgs' returned '0': CMAKE_PREFIX_PATH=${CMAKE_PREFIX_PATH}:/opt/ros/humble /usr/bin/cmake --install /home/mvai/Documents/zjl/Agentic_Robotics/scout_ros2/build/scout_msgs
[0.442s] Level 1:colcon.colcon_core.environment:checking '/home/mvai/Documents/zjl/Agentic_Robotics/scout_ros2/install/scout_msgs' for CMake config files
[0.442s] Level 1:colcon.colcon_core.shell:create_environment_hook('scout_msgs', 'cmake_prefix_path')
[0.442s] INFO:colcon.colcon_core.shell:Creating environment hook '/home/mvai/Documents/zjl/Agentic_Robotics/scout_ros2/install/scout_msgs/share/scout_msgs/hook/cmake_prefix_path.ps1'
[0.443s] INFO:colcon.colcon_core.shell:Creating environment descriptor '/home/mvai/Documents/zjl/Agentic_Robotics/scout_ros2/install/scout_msgs/share/scout_msgs/hook/cmake_prefix_path.dsv'
[0.443s] INFO:colcon.colcon_core.shell:Creating environment hook '/home/mvai/Documents/zjl/Agentic_Robotics/scout_ros2/install/scout_msgs/share/scout_msgs/hook/cmake_prefix_path.sh'
[0.443s] Level 1:colcon.colcon_core.environment:checking '/home/mvai/Documents/zjl/Agentic_Robotics/scout_ros2/install/scout_msgs/lib'
[0.444s] Level 1:colcon.colcon_core.shell:create_environment_hook('scout_msgs', 'ld_library_path_lib')
[0.444s] INFO:colcon.colcon_core.shell:Creating environment hook '/home/mvai/Documents/zjl/Agentic_Robotics/scout_ros2/install/scout_msgs/share/scout_msgs/hook/ld_library_path_lib.ps1'
[0.444s] INFO:colcon.colcon_core.shell:Creating environment descriptor '/home/mvai/Documents/zjl/Agentic_Robotics/scout_ros2/install/scout_msgs/share/scout_msgs/hook/ld_library_path_lib.dsv'
[0.444s] INFO:colcon.colcon_core.shell:Creating environment hook '/home/mvai/Documents/zjl/Agentic_Robotics/scout_ros2/install/scout_msgs/share/scout_msgs/hook/ld_library_path_lib.sh'
[0.445s] Level 1:colcon.colcon_core.environment:checking '/home/mvai/Documents/zjl/Agentic_Robotics/scout_ros2/install/scout_msgs/bin'
[0.445s] Level 1:colcon.colcon_core.environment:checking '/home/mvai/Documents/zjl/Agentic_Robotics/scout_ros2/install/scout_msgs/lib/pkgconfig/scout_msgs.pc'
[0.445s] Level 1:colcon.colcon_core.environment:checking '/home/mvai/Documents/zjl/Agentic_Robotics/scout_ros2/install/scout_msgs/lib/python3.10/site-packages'
[0.445s] Level 1:colcon.colcon_core.environment:checking '/home/mvai/Documents/zjl/Agentic_Robotics/scout_ros2/install/scout_msgs/bin'
[0.445s] INFO:colcon.colcon_core.shell:Creating package script '/home/mvai/Documents/zjl/Agentic_Robotics/scout_ros2/install/scout_msgs/share/scout_msgs/package.ps1'
[0.446s] INFO:colcon.colcon_core.shell:Creating package descriptor '/home/mvai/Documents/zjl/Agentic_Robotics/scout_ros2/install/scout_msgs/share/scout_msgs/package.dsv'
[0.446s] INFO:colcon.colcon_core.shell:Creating package script '/home/mvai/Documents/zjl/Agentic_Robotics/scout_ros2/install/scout_msgs/share/scout_msgs/package.sh'
[0.446s] INFO:colcon.colcon_core.shell:Creating package script '/home/mvai/Documents/zjl/Agentic_Robotics/scout_ros2/install/scout_msgs/share/scout_msgs/package.bash'
[0.446s] INFO:colcon.colcon_core.shell:Creating package script '/home/mvai/Documents/zjl/Agentic_Robotics/scout_ros2/install/scout_msgs/share/scout_msgs/package.zsh'
[0.446s] Level 1:colcon.colcon_core.environment:create_file_with_runtime_dependencies(/home/mvai/Documents/zjl/Agentic_Robotics/scout_ros2/install/scout_msgs/share/colcon-core/packages/scout_msgs)
[0.447s] Level 1:colcon.colcon_core.environment:create_environment_scripts_only(scout_msgs)
[0.447s] Level 1:colcon.colcon_core.environment:checking '/home/mvai/Documents/zjl/Agentic_Robotics/scout_ros2/install/scout_msgs' for CMake module files
[0.447s] Level 1:colcon.colcon_core.environment:checking '/home/mvai/Documents/zjl/Agentic_Robotics/scout_ros2/install/scout_msgs' for CMake config files
[0.447s] Level 1:colcon.colcon_core.shell:create_environment_hook('scout_msgs', 'cmake_prefix_path')
[0.447s] INFO:colcon.colcon_core.shell:Creating environment hook '/home/mvai/Documents/zjl/Agentic_Robotics/scout_ros2/install/scout_msgs/share/scout_msgs/hook/cmake_prefix_path.ps1'
[0.448s] INFO:colcon.colcon_core.shell:Creating environment descriptor '/home/mvai/Documents/zjl/Agentic_Robotics/scout_ros2/install/scout_msgs/share/scout_msgs/hook/cmake_prefix_path.dsv'
[0.448s] INFO:colcon.colcon_core.shell:Creating environment hook '/home/mvai/Documents/zjl/Agentic_Robotics/scout_ros2/install/scout_msgs/share/scout_msgs/hook/cmake_prefix_path.sh'
[0.448s] Level 1:colcon.colcon_core.environment:checking '/home/mvai/Documents/zjl/Agentic_Robotics/scout_ros2/install/scout_msgs/lib'
[0.448s] Level 1:colcon.colcon_core.shell:create_environment_hook('scout_msgs', 'ld_library_path_lib')
[0.448s] INFO:colcon.colcon_core.shell:Creating environment hook '/home/mvai/Documents/zjl/Agentic_Robotics/scout_ros2/install/scout_msgs/share/scout_msgs/hook/ld_library_path_lib.ps1'
[0.449s] INFO:colcon.colcon_core.shell:Creating environment descriptor '/home/mvai/Documents/zjl/Agentic_Robotics/scout_ros2/install/scout_msgs/share/scout_msgs/hook/ld_library_path_lib.dsv'
[0.449s] INFO:colcon.colcon_core.shell:Creating environment hook '/home/mvai/Documents/zjl/Agentic_Robotics/scout_ros2/install/scout_msgs/share/scout_msgs/hook/ld_library_path_lib.sh'
[0.449s] Level 1:colcon.colcon_core.environment:checking '/home/mvai/Documents/zjl/Agentic_Robotics/scout_ros2/install/scout_msgs/bin'
[0.449s] Level 1:colcon.colcon_core.environment:checking '/home/mvai/Documents/zjl/Agentic_Robotics/scout_ros2/install/scout_msgs/lib/pkgconfig/scout_msgs.pc'
[0.449s] Level 1:colcon.colcon_core.environment:checking '/home/mvai/Documents/zjl/Agentic_Robotics/scout_ros2/install/scout_msgs/lib/python3.10/site-packages'
[0.449s] Level 1:colcon.colcon_core.environment:checking '/home/mvai/Documents/zjl/Agentic_Robotics/scout_ros2/install/scout_msgs/bin'
[0.449s] INFO:colcon.colcon_core.shell:Creating package script '/home/mvai/Documents/zjl/Agentic_Robotics/scout_ros2/install/scout_msgs/share/scout_msgs/package.ps1'
[0.450s] INFO:colcon.colcon_core.shell:Creating package descriptor '/home/mvai/Documents/zjl/Agentic_Robotics/scout_ros2/install/scout_msgs/share/scout_msgs/package.dsv'
[0.450s] INFO:colcon.colcon_core.shell:Creating package script '/home/mvai/Documents/zjl/Agentic_Robotics/scout_ros2/install/scout_msgs/share/scout_msgs/package.sh'
[0.450s] INFO:colcon.colcon_core.shell:Creating package script '/home/mvai/Documents/zjl/Agentic_Robotics/scout_ros2/install/scout_msgs/share/scout_msgs/package.bash'
[0.451s] INFO:colcon.colcon_core.shell:Creating package script '/home/mvai/Documents/zjl/Agentic_Robotics/scout_ros2/install/scout_msgs/share/scout_msgs/package.zsh'
[0.451s] Level 1:colcon.colcon_core.environment:create_file_with_runtime_dependencies(/home/mvai/Documents/zjl/Agentic_Robotics/scout_ros2/install/scout_msgs/share/colcon-core/packages/scout_msgs)
[0.451s] INFO:colcon.colcon_ros.task.ament_cmake.build:Building ROS package in '/home/mvai/Documents/zjl/Agentic_Robotics/scout_ros2/scout_base' with build type 'ament_cmake'
[0.451s] INFO:colcon.colcon_cmake.task.cmake.build:Building CMake package in '/home/mvai/Documents/zjl/Agentic_Robotics/scout_ros2/scout_base'
[0.451s] INFO:colcon.colcon_core.shell:Skip shell extension 'powershell' for command environment: Not usable outside of PowerShell
[0.451s] DEBUG:colcon.colcon_core.shell:Skip shell extension 'dsv' for command environment
[0.460s] DEBUG:colcon.colcon_core.event_handler.log_command:Invoking command in '/home/mvai/Documents/zjl/Agentic_Robotics/scout_ros2/build/scout_base': AMENT_PREFIX_PATH=/home/mvai/Documents/zjl/Agentic_Robotics/scout_ros2/install/scout_msgs:${AMENT_PREFIX_PATH} CMAKE_PREFIX_PATH=/home/mvai/Documents/zjl/Agentic_Robotics/scout_ros2/install/scout_msgs:/home/mvai/Documents/zjl/Agentic_Robotics/scout_ros2/install/scout_description:/opt/ros/humble LD_LIBRARY_PATH=/home/mvai/Documents/zjl/Agentic_Robotics/scout_ros2/install/scout_msgs/lib:${LD_LIBRARY_PATH} PYTHONPATH=/home/mvai/Documents/zjl/Agentic_Robotics/scout_ros2/install/scout_msgs/local/lib/python3.10/dist-packages:${PYTHONPATH} /usr/bin/cmake /home/mvai/Documents/zjl/Agentic_Robotics/scout_ros2/scout_base -DCMAKE_INSTALL_PREFIX=/home/mvai/Documents/zjl/Agentic_Robotics/scout_ros2/install/scout_base
[0.786s] DEBUG:colcon.colcon_core.event_handler.log_command:Invoked command in '/home/mvai/Documents/zjl/Agentic_Robotics/scout_ros2/build/scout_base' returned '1': AMENT_PREFIX_PATH=/home/mvai/Documents/zjl/Agentic_Robotics/scout_ros2/install/scout_msgs:${AMENT_PREFIX_PATH} CMAKE_PREFIX_PATH=/home/mvai/Documents/zjl/Agentic_Robotics/scout_ros2/install/scout_msgs:/home/mvai/Documents/zjl/Agentic_Robotics/scout_ros2/install/scout_description:/opt/ros/humble LD_LIBRARY_PATH=/home/mvai/Documents/zjl/Agentic_Robotics/scout_ros2/install/scout_msgs/lib:${LD_LIBRARY_PATH} PYTHONPATH=/home/mvai/Documents/zjl/Agentic_Robotics/scout_ros2/install/scout_msgs/local/lib/python3.10/dist-packages:${PYTHONPATH} /usr/bin/cmake /home/mvai/Documents/zjl/Agentic_Robotics/scout_ros2/scout_base -DCMAKE_INSTALL_PREFIX=/home/mvai/Documents/zjl/Agentic_Robotics/scout_ros2/install/scout_base
[0.796s] Level 1:colcon.colcon_core.environment:create_environment_scripts_only(scout_base)
[0.796s] Level 1:colcon.colcon_core.environment:checking '/home/mvai/Documents/zjl/Agentic_Robotics/scout_ros2/install/scout_base' for CMake module files
[0.796s] Level 1:colcon.colcon_core.environment:checking '/home/mvai/Documents/zjl/Agentic_Robotics/scout_ros2/install/scout_base' for CMake config files
[0.797s] Level 1:colcon.colcon_core.environment:checking '/home/mvai/Documents/zjl/Agentic_Robotics/scout_ros2/install/scout_base/bin'
[0.797s] Level 1:colcon.colcon_core.environment:checking '/home/mvai/Documents/zjl/Agentic_Robotics/scout_ros2/install/scout_base/lib/pkgconfig/scout_base.pc'
[0.797s] Level 1:colcon.colcon_core.environment:checking '/home/mvai/Documents/zjl/Agentic_Robotics/scout_ros2/install/scout_base/lib/python3.10/site-packages'
[0.797s] Level 1:colcon.colcon_core.environment:checking '/home/mvai/Documents/zjl/Agentic_Robotics/scout_ros2/install/scout_base/bin'
[0.797s] INFO:colcon.colcon_core.shell:Creating package script '/home/mvai/Documents/zjl/Agentic_Robotics/scout_ros2/install/scout_base/share/scout_base/package.ps1'
[0.797s] INFO:colcon.colcon_core.shell:Creating package descriptor '/home/mvai/Documents/zjl/Agentic_Robotics/scout_ros2/install/scout_base/share/scout_base/package.dsv'
[0.798s] INFO:colcon.colcon_core.shell:Creating package script '/home/mvai/Documents/zjl/Agentic_Robotics/scout_ros2/install/scout_base/share/scout_base/package.sh'
[0.798s] INFO:colcon.colcon_core.shell:Creating package script '/home/mvai/Documents/zjl/Agentic_Robotics/scout_ros2/install/scout_base/share/scout_base/package.bash'
[0.798s] INFO:colcon.colcon_core.shell:Creating package script '/home/mvai/Documents/zjl/Agentic_Robotics/scout_ros2/install/scout_base/share/scout_base/package.zsh'
[0.798s] Level 1:colcon.colcon_core.environment:create_file_with_runtime_dependencies(/home/mvai/Documents/zjl/Agentic_Robotics/scout_ros2/install/scout_base/share/colcon-core/packages/scout_base)
[0.808s] DEBUG:colcon.colcon_parallel_executor.executor.parallel:closing loop
[0.808s] DEBUG:colcon.colcon_parallel_executor.executor.parallel:loop closed
[0.808s] DEBUG:colcon.colcon_parallel_executor.executor.parallel:run_until_complete finished with '1'
[0.808s] DEBUG:colcon.colcon_core.event_reactor:joining thread
[0.813s] INFO:colcon.colcon_core.plugin_system:Skipping extension 'colcon_notification.desktop_notification.terminal_notifier': Not used on non-Darwin systems
[0.813s] INFO:colcon.colcon_core.plugin_system:Skipping extension 'colcon_notification.desktop_notification.win32': Not used on non-Windows systems
[0.813s] INFO:colcon.colcon_notification.desktop_notification:Sending desktop notification using 'notify2'
[0.823s] DEBUG:colcon.colcon_core.event_reactor:joined thread
[0.823s] INFO:colcon.colcon_core.shell:Creating prefix script '/home/mvai/Documents/zjl/Agentic_Robotics/scout_ros2/install/local_setup.ps1'
[0.824s] INFO:colcon.colcon_core.shell:Creating prefix util module '/home/mvai/Documents/zjl/Agentic_Robotics/scout_ros2/install/_local_setup_util_ps1.py'
[0.825s] INFO:colcon.colcon_core.shell:Creating prefix chain script '/home/mvai/Documents/zjl/Agentic_Robotics/scout_ros2/install/setup.ps1'
[0.825s] INFO:colcon.colcon_core.shell:Creating prefix script '/home/mvai/Documents/zjl/Agentic_Robotics/scout_ros2/install/local_setup.sh'
[0.826s] INFO:colcon.colcon_core.shell:Creating prefix util module '/home/mvai/Documents/zjl/Agentic_Robotics/scout_ros2/install/_local_setup_util_sh.py'
[0.826s] INFO:colcon.colcon_core.shell:Creating prefix chain script '/home/mvai/Documents/zjl/Agentic_Robotics/scout_ros2/install/setup.sh'
[0.827s] INFO:colcon.colcon_core.shell:Creating prefix script '/home/mvai/Documents/zjl/Agentic_Robotics/scout_ros2/install/local_setup.bash'
[0.827s] INFO:colcon.colcon_core.shell:Creating prefix chain script '/home/mvai/Documents/zjl/Agentic_Robotics/scout_ros2/install/setup.bash'
[0.827s] INFO:colcon.colcon_core.shell:Creating prefix script '/home/mvai/Documents/zjl/Agentic_Robotics/scout_ros2/install/local_setup.zsh'
[0.828s] INFO:colcon.colcon_core.shell:Creating prefix chain script '/home/mvai/Documents/zjl/Agentic_Robotics/scout_ros2/install/setup.zsh'
