[0.007s] Invoking command in '/home/mvai/Documents/zjl/Agentic_Robotics/scout_ros2/build/scout_base': AMENT_PREFIX_PATH=/home/mvai/Documents/zjl/Agentic_Robotics/scout_ros2/install/scout_msgs:${AMENT_PREFIX_PATH} CMAKE_PREFIX_PATH=/home/mvai/Documents/zjl/Agentic_Robotics/scout_ros2/install/scout_msgs:/home/mvai/Documents/zjl/Agentic_Robotics/scout_ros2/install/scout_description:/opt/ros/humble LD_LIBRARY_PATH=/home/mvai/Documents/zjl/Agentic_Robotics/scout_ros2/install/scout_msgs/lib:${LD_LIBRARY_PATH} PYTHONPATH=/home/mvai/Documents/zjl/Agentic_Robotics/scout_ros2/install/scout_msgs/local/lib/python3.10/dist-packages:${PYTHONPATH} /usr/bin/cmake /home/mvai/Documents/zjl/Agentic_Robotics/scout_ros2/scout_base -DCMAKE_INSTALL_PREFIX=/home/mvai/Documents/zjl/Agentic_Robotics/scout_ros2/install/scout_base
[0.045s] -- The C compiler identification is GNU 11.4.0
[0.081s] -- The CXX compiler identification is GNU 11.4.0
[0.085s] -- Detecting C compiler ABI info
[0.137s] -- Detecting C compiler ABI info - done
[0.140s] -- Check for working C compiler: /usr/bin/cc - skipped
[0.141s] -- Detecting C compile features
[0.141s] -- Detecting C compile features - done
[0.143s] -- Detecting CXX compiler ABI info
[0.197s] -- Detecting CXX compiler ABI info - done
[0.204s] -- Check for working CXX compiler: /usr/bin/c++ - skipped
[0.205s] -- Detecting CXX compile features
[0.205s] -- Detecting CXX compile features - done
[0.207s] -- Found ament_cmake: 1.3.14 (/opt/ros/humble/share/ament_cmake/cmake)
[0.449s] -- Found Python3: /usr/bin/python3 (found version "3.10.12") found components: Interpreter 
[0.505s] -- Found rclcpp: 16.0.21 (/opt/ros/humble/share/rclcpp/cmake)
[0.539s] -- Found rosidl_generator_c: 3.1.9 (/opt/ros/humble/share/rosidl_generator_c/cmake)
[0.542s] -- Found rosidl_adapter: 3.1.9 (/opt/ros/humble/share/rosidl_adapter/cmake)
[0.547s] -- Found rosidl_generator_cpp: 3.1.9 (/opt/ros/humble/share/rosidl_generator_cpp/cmake)
[0.554s] -- Using all available rosidl_typesupport_c: rosidl_typesupport_fastrtps_c;rosidl_typesupport_introspection_c
[0.563s] -- Using all available rosidl_typesupport_cpp: rosidl_typesupport_fastrtps_cpp;rosidl_typesupport_introspection_cpp
[0.621s] -- Found rmw_implementation_cmake: 6.1.4 (/opt/ros/humble/share/rmw_implementation_cmake/cmake)
[0.625s] -- Found rmw_fastrtps_cpp: 6.2.10 (/opt/ros/humble/share/rmw_fastrtps_cpp/cmake)
[0.731s] -- Found OpenSSL: /usr/lib/x86_64-linux-gnu/libcrypto.so (found version "3.0.2")  
[0.764s] -- Found FastRTPS: /opt/ros/humble/include  
[0.810s] -- Using RMW implementation 'rmw_fastrtps_cpp' as default
[0.822s] -- Looking for pthread.h
[0.886s] -- Looking for pthread.h - found
[0.886s] -- Performing Test CMAKE_HAVE_LIBC_PTHREAD
[0.953s] -- Performing Test CMAKE_HAVE_LIBC_PTHREAD - Success
[0.954s] -- Found Threads: TRUE  
[0.996s] -- Found geometry_msgs: 4.9.2 (/opt/ros/humble/share/geometry_msgs/cmake)
[1.006s] -- Found nav_msgs: 4.9.2 (/opt/ros/humble/share/nav_msgs/cmake)
[1.018s] -- Found sensor_msgs: 4.9.2 (/opt/ros/humble/share/sensor_msgs/cmake)
[1.030s] -- Found tf2: 0.25.23 (/opt/ros/humble/share/tf2/cmake)
[1.036s] -- Found tf2_ros: 0.25.23 (/opt/ros/humble/share/tf2_ros/cmake)
[1.093s] -- Found tf2_geometry_msgs: 0.25.23 (/opt/ros/humble/share/tf2_geometry_msgs/cmake)
[1.101s] -- Found eigen3_cmake_module: 0.1.1 (/opt/ros/humble/share/eigen3_cmake_module/cmake)
[1.102s] -- Found Eigen3: TRUE (found version "3.4.0") 
[1.102s] -- Ensuring Eigen3 include directory is part of orocos-kdl CMake target
[1.103s] -- Found scout_msgs: 0.1.0 (/home/mvai/Documents/zjl/Agentic_Robotics/scout_ros2/install/scout_msgs/share/scout_msgs/cmake)
[1.116s] [31mCMake Error at CMakeLists.txt:32 (find_package):
[1.116s]   By not providing "Findugv_sdk.cmake" in CMAKE_MODULE_PATH this project has
[1.116s]   asked CMake to find a package configuration file provided by "ugv_sdk", but
[1.116s]   CMake did not find one.
[1.116s] 
[1.116s]   Could not find a package configuration file provided by "ugv_sdk" with any
[1.116s]   of the following names:
[1.116s] 
[1.116s]     ugv_sdkConfig.cmake
[1.116s]     ugv_sdk-config.cmake
[1.116s] 
[1.116s]   Add the installation prefix of "ugv_sdk" to CMAKE_PREFIX_PATH or set
[1.116s]   "ugv_sdk_DIR" to a directory containing one of the above files.  If
[1.116s]   "ugv_sdk" provides a separate development package or SDK, be sure it has
[1.116s]   been installed.
[1.116s] 
[1.116s] [0m
[1.117s] -- Configuring incomplete, errors occurred!
[1.117s] See also "/home/mvai/Documents/zjl/Agentic_Robotics/scout_ros2/build/scout_base/CMakeFiles/CMakeOutput.log".
[1.122s] Invoked command in '/home/mvai/Documents/zjl/Agentic_Robotics/scout_ros2/build/scout_base' returned '1': AMENT_PREFIX_PATH=/home/mvai/Documents/zjl/Agentic_Robotics/scout_ros2/install/scout_msgs:${AMENT_PREFIX_PATH} CMAKE_PREFIX_PATH=/home/mvai/Documents/zjl/Agentic_Robotics/scout_ros2/install/scout_msgs:/home/mvai/Documents/zjl/Agentic_Robotics/scout_ros2/install/scout_description:/opt/ros/humble LD_LIBRARY_PATH=/home/mvai/Documents/zjl/Agentic_Robotics/scout_ros2/install/scout_msgs/lib:${LD_LIBRARY_PATH} PYTHONPATH=/home/mvai/Documents/zjl/Agentic_Robotics/scout_ros2/install/scout_msgs/local/lib/python3.10/dist-packages:${PYTHONPATH} /usr/bin/cmake /home/mvai/Documents/zjl/Agentic_Robotics/scout_ros2/scout_base -DCMAKE_INSTALL_PREFIX=/home/mvai/Documents/zjl/Agentic_Robotics/scout_ros2/install/scout_base
