[0.009s] Invoking command in '/home/mvai/Documents/zjl/Agentic_Robotics/scout_ros2/build/scout_description': CMAKE_PREFIX_PATH=/opt/ros/humble /usr/bin/cmake /home/mvai/Documents/zjl/Agentic_Robotics/scout_ros2/scout_description -DCMAKE_INSTALL_PREFIX=/home/mvai/Documents/zjl/Agentic_Robotics/scout_ros2/install/scout_description
[0.061s] -- The C compiler identification is GNU 11.4.0
[0.112s] -- The CXX compiler identification is GNU 11.4.0
[0.117s] -- Detecting C compiler ABI info
[0.177s] -- Detecting C compiler ABI info - done
[0.183s] -- Check for working C compiler: /usr/bin/cc - skipped
[0.184s] -- Detecting C compile features
[0.185s] -- Detecting C compile features - done
[0.187s] -- Detecting CXX compiler ABI info
[0.246s] -- Detecting CXX compiler ABI info - done
[0.251s] -- Check for working CXX compiler: /usr/bin/c++ - skipped
[0.251s] -- Detecting CXX compile features
[0.252s] -- Detecting CXX compile features - done
[0.257s] -- Found ament_cmake: 1.3.14 (/opt/ros/humble/share/ament_cmake/cmake)
[0.462s] -- Found Python3: /usr/bin/python3 (found version "3.10.12") found components: Interpreter 
[0.579s] -- Configuring done
[0.580s] -- Generating done
[0.581s] -- Build files have been written to: /home/mvai/Documents/zjl/Agentic_Robotics/scout_ros2/build/scout_description
[0.584s] Invoked command in '/home/mvai/Documents/zjl/Agentic_Robotics/scout_ros2/build/scout_description' returned '0': CMAKE_PREFIX_PATH=/opt/ros/humble /usr/bin/cmake /home/mvai/Documents/zjl/Agentic_Robotics/scout_ros2/scout_description -DCMAKE_INSTALL_PREFIX=/home/mvai/Documents/zjl/Agentic_Robotics/scout_ros2/install/scout_description
[0.585s] Invoking command in '/home/mvai/Documents/zjl/Agentic_Robotics/scout_ros2/build/scout_description': CMAKE_PREFIX_PATH=/opt/ros/humble /usr/bin/cmake --build /home/mvai/Documents/zjl/Agentic_Robotics/scout_ros2/build/scout_description -- -j24 -l24
[0.618s] Invoked command in '/home/mvai/Documents/zjl/Agentic_Robotics/scout_ros2/build/scout_description' returned '0': CMAKE_PREFIX_PATH=/opt/ros/humble /usr/bin/cmake --build /home/mvai/Documents/zjl/Agentic_Robotics/scout_ros2/build/scout_description -- -j24 -l24
[0.628s] Invoking command in '/home/mvai/Documents/zjl/Agentic_Robotics/scout_ros2/build/scout_description': CMAKE_PREFIX_PATH=/opt/ros/humble /usr/bin/cmake --install /home/mvai/Documents/zjl/Agentic_Robotics/scout_ros2/build/scout_description
[0.634s] -- Install configuration: ""
[0.634s] -- Installing: /home/mvai/Documents/zjl/Agentic_Robotics/scout_ros2/install/scout_description/share/scout_description//launch
[0.634s] -- Installing: /home/mvai/Documents/zjl/Agentic_Robotics/scout_ros2/install/scout_description/share/scout_description//launch/scout_gazebo.launch.py
[0.634s] -- Installing: /home/mvai/Documents/zjl/Agentic_Robotics/scout_ros2/install/scout_description/share/scout_description//launch/scout_base_description.launch.py
[0.634s] -- Installing: /home/mvai/Documents/zjl/Agentic_Robotics/scout_ros2/install/scout_description/share/scout_description//urdf
[0.634s] -- Installing: /home/mvai/Documents/zjl/Agentic_Robotics/scout_ros2/install/scout_description/share/scout_description//urdf/scout_v2.xacro
[0.634s] -- Installing: /home/mvai/Documents/zjl/Agentic_Robotics/scout_ros2/install/scout_description/share/scout_description//urdf/scout_v2.gazebo.xacro
[0.634s] -- Installing: /home/mvai/Documents/zjl/Agentic_Robotics/scout_ros2/install/scout_description/share/scout_description//urdf/scout_v2.urdf
[0.634s] -- Installing: /home/mvai/Documents/zjl/Agentic_Robotics/scout_ros2/install/scout_description/share/scout_description//urdf/generate_urdf.sh
[0.634s] -- Installing: /home/mvai/Documents/zjl/Agentic_Robotics/scout_ros2/install/scout_description/share/scout_description//urdf/scout_wheel_type1.xacro
[0.634s] -- Installing: /home/mvai/Documents/zjl/Agentic_Robotics/scout_ros2/install/scout_description/share/scout_description//urdf/scout_wheel_type2.xacro
[0.634s] -- Installing: /home/mvai/Documents/zjl/Agentic_Robotics/scout_ros2/install/scout_description/share/scout_description//meshes
[0.635s] -- Installing: /home/mvai/Documents/zjl/Agentic_Robotics/scout_ros2/install/scout_description/share/scout_description//meshes/hokuyo.dae
[0.635s] -- Installing: /home/mvai/Documents/zjl/Agentic_Robotics/scout_ros2/install/scout_description/share/scout_description//meshes/wheel_type1.dae
[0.636s] -- Installing: /home/mvai/Documents/zjl/Agentic_Robotics/scout_ros2/install/scout_description/share/scout_description//meshes/base_link_full.dae
[0.636s] -- Installing: /home/mvai/Documents/zjl/Agentic_Robotics/scout_ros2/install/scout_description/share/scout_description//meshes/wheel_type2.dae
[0.638s] -- Installing: /home/mvai/Documents/zjl/Agentic_Robotics/scout_ros2/install/scout_description/share/scout_description//meshes/base_link.dae
[0.645s] -- Installing: /home/mvai/Documents/zjl/Agentic_Robotics/scout_ros2/install/scout_description/share/scout_description//rviz
[0.645s] -- Installing: /home/mvai/Documents/zjl/Agentic_Robotics/scout_ros2/install/scout_description/share/scout_description//rviz/scout_sim.rviz
[0.645s] -- Installing: /home/mvai/Documents/zjl/Agentic_Robotics/scout_ros2/install/scout_description/share/ament_index/resource_index/package_run_dependencies/scout_description
[0.645s] -- Installing: /home/mvai/Documents/zjl/Agentic_Robotics/scout_ros2/install/scout_description/share/ament_index/resource_index/parent_prefix_path/scout_description
[0.646s] -- Installing: /home/mvai/Documents/zjl/Agentic_Robotics/scout_ros2/install/scout_description/share/scout_description/environment/ament_prefix_path.sh
[0.646s] -- Installing: /home/mvai/Documents/zjl/Agentic_Robotics/scout_ros2/install/scout_description/share/scout_description/environment/ament_prefix_path.dsv
[0.646s] -- Installing: /home/mvai/Documents/zjl/Agentic_Robotics/scout_ros2/install/scout_description/share/scout_description/environment/path.sh
[0.646s] -- Installing: /home/mvai/Documents/zjl/Agentic_Robotics/scout_ros2/install/scout_description/share/scout_description/environment/path.dsv
[0.646s] -- Installing: /home/mvai/Documents/zjl/Agentic_Robotics/scout_ros2/install/scout_description/share/scout_description/local_setup.bash
[0.646s] -- Installing: /home/mvai/Documents/zjl/Agentic_Robotics/scout_ros2/install/scout_description/share/scout_description/local_setup.sh
[0.646s] -- Installing: /home/mvai/Documents/zjl/Agentic_Robotics/scout_ros2/install/scout_description/share/scout_description/local_setup.zsh
[0.646s] -- Installing: /home/mvai/Documents/zjl/Agentic_Robotics/scout_ros2/install/scout_description/share/scout_description/local_setup.dsv
[0.646s] -- Installing: /home/mvai/Documents/zjl/Agentic_Robotics/scout_ros2/install/scout_description/share/scout_description/package.dsv
[0.646s] -- Installing: /home/mvai/Documents/zjl/Agentic_Robotics/scout_ros2/install/scout_description/share/ament_index/resource_index/packages/scout_description
[0.646s] -- Installing: /home/mvai/Documents/zjl/Agentic_Robotics/scout_ros2/install/scout_description/share/scout_description/cmake/scout_descriptionConfig.cmake
[0.646s] -- Installing: /home/mvai/Documents/zjl/Agentic_Robotics/scout_ros2/install/scout_description/share/scout_description/cmake/scout_descriptionConfig-version.cmake
[0.646s] -- Installing: /home/mvai/Documents/zjl/Agentic_Robotics/scout_ros2/install/scout_description/share/scout_description/package.xml
[0.647s] Invoked command in '/home/mvai/Documents/zjl/Agentic_Robotics/scout_ros2/build/scout_description' returned '0': CMAKE_PREFIX_PATH=/opt/ros/humble /usr/bin/cmake --install /home/mvai/Documents/zjl/Agentic_Robotics/scout_ros2/build/scout_description
