[0.009s] Invoking command in '/home/mvai/Documents/zjl/Agentic_Robotics/scout_ros2/build/scout_msgs': CMAKE_PREFIX_PATH=${CMAKE_PREFIX_PATH}:/opt/ros/humble /usr/bin/cmake /home/mvai/Documents/zjl/Agentic_Robotics/scout_ros2/scout_msgs -DCMAKE_INSTALL_PREFIX=/home/mvai/Documents/zjl/Agentic_Robotics/scout_ros2/install/scout_msgs
[0.053s] -- The C compiler identification is GNU 11.4.0
[0.092s] -- The CXX compiler identification is GNU 11.4.0
[0.096s] -- Detecting C compiler ABI info
[0.146s] -- Detecting C compiler ABI info - done
[0.152s] -- Check for working C compiler: /usr/bin/cc - skipped
[0.152s] -- Detecting C compile features
[0.153s] -- Detecting C compile features - done
[0.154s] -- Detecting CXX compiler ABI info
[0.212s] -- Detecting CXX compiler ABI info - done
[0.216s] -- Check for working CXX compiler: /usr/bin/c++ - skipped
[0.216s] -- Detecting CXX compile features
[0.217s] -- Detecting CXX compile features - done
[0.218s] -- Found ament_cmake: 1.3.14 (/opt/ros/humble/share/ament_cmake/cmake)
[0.431s] -- Found Python3: /usr/bin/python3 (found version "3.10.12") found components: Interpreter 
[0.488s] -- Found builtin_interfaces: 1.2.3 (/opt/ros/humble/share/builtin_interfaces/cmake)
[0.514s] -- Found rosidl_generator_c: 3.1.9 (/opt/ros/humble/share/rosidl_generator_c/cmake)
[0.518s] -- Found rosidl_adapter: 3.1.9 (/opt/ros/humble/share/rosidl_adapter/cmake)
[0.525s] -- Found rosidl_generator_cpp: 3.1.9 (/opt/ros/humble/share/rosidl_generator_cpp/cmake)
[0.535s] -- Using all available rosidl_typesupport_c: rosidl_typesupport_fastrtps_c;rosidl_typesupport_introspection_c
[0.548s] -- Using all available rosidl_typesupport_cpp: rosidl_typesupport_fastrtps_cpp;rosidl_typesupport_introspection_cpp
[0.559s] -- Found rosidl_default_generators: 1.2.1 (/opt/ros/humble/share/rosidl_default_generators/cmake)
[0.567s] -- Found std_msgs: 4.9.2 (/opt/ros/humble/share/std_msgs/cmake)
[0.772s] -- Found ament_cmake_ros: 0.10.1 (/opt/ros/humble/share/ament_cmake_ros/cmake)
[1.008s] -- Using all available rosidl_typesupport_c: rosidl_typesupport_fastrtps_c;rosidl_typesupport_introspection_c
[1.096s] -- Using all available rosidl_typesupport_cpp: rosidl_typesupport_fastrtps_cpp;rosidl_typesupport_introspection_cpp
[1.115s] -- Found PythonInterp: /usr/bin/python3 (found suitable version "3.10.12", minimum required is "3.6") 
[1.117s] -- Found python_cmake_module: 0.10.0 (/opt/ros/humble/share/python_cmake_module/cmake)
[1.136s] -- Found PythonLibs: /usr/lib/x86_64-linux-gnu/libpython3.10.so (found suitable version "3.10.12", minimum required is "3.5") 
[1.136s] -- Using PYTHON_EXECUTABLE: /usr/bin/python3
[1.136s] -- Using PYTHON_INCLUDE_DIRS: /usr/include/python3.10
[1.136s] -- Using PYTHON_LIBRARIES: /usr/lib/x86_64-linux-gnu/libpython3.10.so
[1.152s] -- Found PythonExtra: .so  
[1.225s] -- Found ament_lint_auto: 0.12.15 (/opt/ros/humble/share/ament_lint_auto/cmake)
[1.242s] -- Added test 'copyright' to check source files copyright and LICENSE
[1.243s] -- Added test 'lint_cmake' to check CMake code style
[1.244s] -- Added test 'xmllint' to check XML markup files
[1.245s] -- Configuring done
[1.266s] -- Generating done
[1.272s] -- Build files have been written to: /home/mvai/Documents/zjl/Agentic_Robotics/scout_ros2/build/scout_msgs
[1.278s] Invoked command in '/home/mvai/Documents/zjl/Agentic_Robotics/scout_ros2/build/scout_msgs' returned '0': CMAKE_PREFIX_PATH=${CMAKE_PREFIX_PATH}:/opt/ros/humble /usr/bin/cmake /home/mvai/Documents/zjl/Agentic_Robotics/scout_ros2/scout_msgs -DCMAKE_INSTALL_PREFIX=/home/mvai/Documents/zjl/Agentic_Robotics/scout_ros2/install/scout_msgs
[1.280s] Invoking command in '/home/mvai/Documents/zjl/Agentic_Robotics/scout_ros2/build/scout_msgs': CMAKE_PREFIX_PATH=${CMAKE_PREFIX_PATH}:/opt/ros/humble /usr/bin/cmake --build /home/mvai/Documents/zjl/Agentic_Robotics/scout_ros2/build/scout_msgs -- -j24 -l24
[1.310s] [  1%] [34m[1mGenerating C code for ROS interfaces[0m
[1.319s] [  3%] [34m[1mGenerating C++ code for ROS interfaces[0m
[1.320s] [  4%] [34m[1mGenerating Rust code for ROS interfaces[0m
[1.327s] [  4%] Built target ament_cmake_python_copy_scout_msgs
[1.467s] running egg_info
[1.493s] creating scout_msgs.egg-info
[1.493s] writing scout_msgs.egg-info/PKG-INFO
[1.493s] writing dependency_links to scout_msgs.egg-info/dependency_links.txt
[1.494s] writing top-level names to scout_msgs.egg-info/top_level.txt
[1.494s] writing manifest file 'scout_msgs.egg-info/SOURCES.txt'
[1.527s] reading manifest file 'scout_msgs.egg-info/SOURCES.txt'
[1.528s] writing manifest file 'scout_msgs.egg-info/SOURCES.txt'
[1.549s] [  4%] Built target ament_cmake_python_build_scout_msgs_egg
[1.593s] [  4%] Built target scout_msgs__rs
[1.655s] [  6%] [32mBuilding C object CMakeFiles/scout_msgs__rosidl_generator_c.dir/rosidl_generator_c/scout_msgs/msg/detail/scout_actuator_state__functions.c.o[0m
[1.655s] [  7%] [32mBuilding C object CMakeFiles/scout_msgs__rosidl_generator_c.dir/rosidl_generator_c/scout_msgs/msg/detail/scout_light_cmd__functions.c.o[0m
[1.655s] [  9%] [32mBuilding C object CMakeFiles/scout_msgs__rosidl_generator_c.dir/rosidl_generator_c/scout_msgs/msg/detail/scout_light_state__functions.c.o[0m
[1.658s] [ 10%] [32mBuilding C object CMakeFiles/scout_msgs__rosidl_generator_c.dir/rosidl_generator_c/scout_msgs/msg/detail/scout_rc_state__functions.c.o[0m
[1.658s] [ 12%] [32mBuilding C object CMakeFiles/scout_msgs__rosidl_generator_c.dir/rosidl_generator_c/scout_msgs/msg/detail/scout_status__functions.c.o[0m
[1.662s] [ 12%] Built target scout_msgs__cpp
[1.669s] [ 14%] [34m[1mGenerating C++ type support for eProsima Fast-RTPS[0m
[1.671s] [ 15%] [34m[1mGenerating C++ type support dispatch for ROS interfaces[0m
[1.672s] [ 17%] [34m[1mGenerating C++ introspection for ROS interfaces[0m
[1.704s] [ 18%] [32m[1mLinking C shared library libscout_msgs__rosidl_generator_c.so[0m
[1.740s] [ 18%] Built target scout_msgs__rosidl_generator_c
[1.750s] [ 20%] [34m[1mGenerating C type support dispatch for ROS interfaces[0m
[1.750s] [ 23%] [34m[1mGenerating C type support for eProsima Fast-RTPS[0m
[1.750s] [ 23%] [34m[1mGenerating C introspection for ROS interfaces[0m
[1.954s] [ 25%] [32mBuilding CXX object CMakeFiles/scout_msgs__rosidl_typesupport_cpp.dir/rosidl_typesupport_cpp/scout_msgs/msg/scout_status__type_support.cpp.o[0m
[1.955s] [ 26%] [32mBuilding CXX object CMakeFiles/scout_msgs__rosidl_typesupport_cpp.dir/rosidl_typesupport_cpp/scout_msgs/msg/scout_light_state__type_support.cpp.o[0m
[1.955s] [ 29%] [32mBuilding CXX object CMakeFiles/scout_msgs__rosidl_typesupport_cpp.dir/rosidl_typesupport_cpp/scout_msgs/msg/scout_light_cmd__type_support.cpp.o[0m
[1.955s] [ 29%] [32mBuilding CXX object CMakeFiles/scout_msgs__rosidl_typesupport_cpp.dir/rosidl_typesupport_cpp/scout_msgs/msg/scout_actuator_state__type_support.cpp.o[0m
[1.956s] [ 31%] [32mBuilding CXX object CMakeFiles/scout_msgs__rosidl_typesupport_cpp.dir/rosidl_typesupport_cpp/scout_msgs/msg/scout_rc_state__type_support.cpp.o[0m
[1.981s] [ 32%] [32mBuilding CXX object CMakeFiles/scout_msgs__rosidl_typesupport_introspection_cpp.dir/rosidl_typesupport_introspection_cpp/scout_msgs/msg/detail/scout_actuator_state__type_support.cpp.o[0m
[1.981s] [ 34%] [32mBuilding CXX object CMakeFiles/scout_msgs__rosidl_typesupport_introspection_cpp.dir/rosidl_typesupport_introspection_cpp/scout_msgs/msg/detail/scout_status__type_support.cpp.o[0m
[1.984s] [ 35%] [32mBuilding CXX object CMakeFiles/scout_msgs__rosidl_typesupport_introspection_cpp.dir/rosidl_typesupport_introspection_cpp/scout_msgs/msg/detail/scout_light_cmd__type_support.cpp.o[0m
[1.984s] [ 39%] [32mBuilding CXX object CMakeFiles/scout_msgs__rosidl_typesupport_introspection_cpp.dir/rosidl_typesupport_introspection_cpp/scout_msgs/msg/detail/scout_rc_state__type_support.cpp.o[0m
[1.984s] [ 39%] [32mBuilding CXX object CMakeFiles/scout_msgs__rosidl_typesupport_introspection_cpp.dir/rosidl_typesupport_introspection_cpp/scout_msgs/msg/detail/scout_light_state__type_support.cpp.o[0m
[2.010s] [ 40%] [32mBuilding CXX object CMakeFiles/scout_msgs__rosidl_typesupport_fastrtps_cpp.dir/rosidl_typesupport_fastrtps_cpp/scout_msgs/msg/detail/dds_fastrtps/scout_light_cmd__type_support.cpp.o[0m
[2.011s] [ 42%] [32mBuilding CXX object CMakeFiles/scout_msgs__rosidl_typesupport_fastrtps_cpp.dir/rosidl_typesupport_fastrtps_cpp/scout_msgs/msg/detail/dds_fastrtps/scout_actuator_state__type_support.cpp.o[0m
[2.012s] [ 43%] [32mBuilding CXX object CMakeFiles/scout_msgs__rosidl_typesupport_fastrtps_cpp.dir/rosidl_typesupport_fastrtps_cpp/scout_msgs/msg/detail/dds_fastrtps/scout_status__type_support.cpp.o[0m
[2.012s] [ 45%] [32mBuilding CXX object CMakeFiles/scout_msgs__rosidl_typesupport_fastrtps_cpp.dir/rosidl_typesupport_fastrtps_cpp/scout_msgs/msg/detail/dds_fastrtps/scout_rc_state__type_support.cpp.o[0m
[2.013s] [ 46%] [32mBuilding CXX object CMakeFiles/scout_msgs__rosidl_typesupport_fastrtps_cpp.dir/rosidl_typesupport_fastrtps_cpp/scout_msgs/msg/detail/dds_fastrtps/scout_light_state__type_support.cpp.o[0m
[2.053s] [ 53%] [32mBuilding CXX object CMakeFiles/scout_msgs__rosidl_typesupport_c.dir/rosidl_typesupport_c/scout_msgs/msg/scout_status__type_support.cpp.o[0m
[2.053s] [ 53%] [32mBuilding CXX object CMakeFiles/scout_msgs__rosidl_typesupport_c.dir/rosidl_typesupport_c/scout_msgs/msg/scout_light_cmd__type_support.cpp.o[0m
[2.053s] [ 53%] [32mBuilding CXX object CMakeFiles/scout_msgs__rosidl_typesupport_c.dir/rosidl_typesupport_c/scout_msgs/msg/scout_light_state__type_support.cpp.o[0m
[2.053s] [ 54%] [32mBuilding CXX object CMakeFiles/scout_msgs__rosidl_typesupport_c.dir/rosidl_typesupport_c/scout_msgs/msg/scout_rc_state__type_support.cpp.o[0m
[2.054s] [ 54%] [32mBuilding CXX object CMakeFiles/scout_msgs__rosidl_typesupport_c.dir/rosidl_typesupport_c/scout_msgs/msg/scout_actuator_state__type_support.cpp.o[0m
[2.086s] [ 56%] [32m[1mLinking CXX shared library libscout_msgs__rosidl_typesupport_c.so[0m
[2.125s] [ 56%] Built target scout_msgs__rosidl_typesupport_c
[2.134s] [ 59%] [32mBuilding CXX object CMakeFiles/scout_msgs__rosidl_typesupport_fastrtps_c.dir/rosidl_typesupport_fastrtps_c/scout_msgs/msg/detail/scout_light_cmd__type_support_c.cpp.o[0m
[2.134s] [ 59%] [32mBuilding CXX object CMakeFiles/scout_msgs__rosidl_typesupport_fastrtps_c.dir/rosidl_typesupport_fastrtps_c/scout_msgs/msg/detail/scout_actuator_state__type_support_c.cpp.o[0m
[2.134s] [ 60%] [32mBuilding CXX object CMakeFiles/scout_msgs__rosidl_typesupport_fastrtps_c.dir/rosidl_typesupport_fastrtps_c/scout_msgs/msg/detail/scout_rc_state__type_support_c.cpp.o[0m
[2.134s] [ 62%] [32mBuilding CXX object CMakeFiles/scout_msgs__rosidl_typesupport_fastrtps_c.dir/rosidl_typesupport_fastrtps_c/scout_msgs/msg/detail/scout_status__type_support_c.cpp.o[0m
[2.134s] [ 64%] [32mBuilding CXX object CMakeFiles/scout_msgs__rosidl_typesupport_fastrtps_c.dir/rosidl_typesupport_fastrtps_c/scout_msgs/msg/detail/scout_light_state__type_support_c.cpp.o[0m
[2.201s] [ 67%] [32mBuilding C object CMakeFiles/scout_msgs__rosidl_typesupport_introspection_c.dir/rosidl_typesupport_introspection_c/scout_msgs/msg/detail/scout_actuator_state__type_support.c.o[0m
[2.201s] [ 67%] [32mBuilding C object CMakeFiles/scout_msgs__rosidl_typesupport_introspection_c.dir/rosidl_typesupport_introspection_c/scout_msgs/msg/detail/scout_rc_state__type_support.c.o[0m
[2.201s] [ 68%] [32mBuilding C object CMakeFiles/scout_msgs__rosidl_typesupport_introspection_c.dir/rosidl_typesupport_introspection_c/scout_msgs/msg/detail/scout_light_cmd__type_support.c.o[0m
[2.201s] [ 70%] [32mBuilding C object CMakeFiles/scout_msgs__rosidl_typesupport_introspection_c.dir/rosidl_typesupport_introspection_c/scout_msgs/msg/detail/scout_light_state__type_support.c.o[0m
[2.232s] [ 71%] [32mBuilding C object CMakeFiles/scout_msgs__rosidl_typesupport_introspection_c.dir/rosidl_typesupport_introspection_c/scout_msgs/msg/detail/scout_status__type_support.c.o[0m
[2.271s] [ 73%] [32m[1mLinking C shared library libscout_msgs__rosidl_typesupport_introspection_c.so[0m
[2.295s] [ 75%] [32m[1mLinking CXX shared library libscout_msgs__rosidl_typesupport_cpp.so[0m
[2.308s] [ 75%] Built target scout_msgs__rosidl_typesupport_introspection_c
[2.332s] [ 75%] Built target scout_msgs__rosidl_typesupport_cpp
[2.452s] [ 76%] [32m[1mLinking CXX shared library libscout_msgs__rosidl_typesupport_introspection_cpp.so[0m
[2.454s] [ 78%] [32m[1mLinking CXX shared library libscout_msgs__rosidl_typesupport_fastrtps_cpp.so[0m
[2.482s] [ 79%] [32m[1mLinking CXX shared library libscout_msgs__rosidl_typesupport_fastrtps_c.so[0m
[2.501s] [ 79%] Built target scout_msgs__rosidl_typesupport_fastrtps_cpp
[2.502s] [ 79%] Built target scout_msgs__rosidl_typesupport_introspection_cpp
[2.532s] [ 79%] Built target scout_msgs__rosidl_typesupport_fastrtps_c
[2.548s] [ 79%] Built target scout_msgs
[2.560s] [ 81%] [34m[1mGenerating Python code for ROS interfaces[0m
[3.003s] [ 81%] Built target scout_msgs__py
[3.018s] [ 82%] [32mBuilding C object CMakeFiles/scout_msgs__rosidl_generator_py.dir/rosidl_generator_py/scout_msgs/msg/_scout_actuator_state_s.c.o[0m
[3.018s] [ 84%] [32mBuilding C object CMakeFiles/scout_msgs__rosidl_generator_py.dir/rosidl_generator_py/scout_msgs/msg/_scout_rc_state_s.c.o[0m
[3.018s] [ 85%] [32mBuilding C object CMakeFiles/scout_msgs__rosidl_generator_py.dir/rosidl_generator_py/scout_msgs/msg/_scout_light_cmd_s.c.o[0m
[3.020s] [ 87%] [32mBuilding C object CMakeFiles/scout_msgs__rosidl_generator_py.dir/rosidl_generator_py/scout_msgs/msg/_scout_light_state_s.c.o[0m
[3.020s] [ 89%] [32mBuilding C object CMakeFiles/scout_msgs__rosidl_generator_py.dir/rosidl_generator_py/scout_msgs/msg/_scout_status_s.c.o[0m
[3.098s] [ 90%] [32m[1mLinking C shared library rosidl_generator_py/scout_msgs/libscout_msgs__rosidl_generator_py.so[0m
[3.128s] [ 90%] Built target scout_msgs__rosidl_generator_py
[3.143s] [ 92%] [32mBuilding C object CMakeFiles/scout_msgs__rosidl_typesupport_introspection_c__pyext.dir/rosidl_generator_py/scout_msgs/_scout_msgs_s.ep.rosidl_typesupport_introspection_c.c.o[0m
[3.144s] [ 93%] [32mBuilding C object CMakeFiles/scout_msgs__rosidl_typesupport_c__pyext.dir/rosidl_generator_py/scout_msgs/_scout_msgs_s.ep.rosidl_typesupport_c.c.o[0m
[3.144s] [ 95%] [32mBuilding C object CMakeFiles/scout_msgs__rosidl_typesupport_fastrtps_c__pyext.dir/rosidl_generator_py/scout_msgs/_scout_msgs_s.ep.rosidl_typesupport_fastrtps_c.c.o[0m
[3.210s] [100%] [32m[1mLinking C shared library rosidl_generator_py/scout_msgs/scout_msgs_s__rosidl_typesupport_introspection_c.cpython-310-x86_64-linux-gnu.so[0m
[3.210s] [100%] [32m[1mLinking C shared library rosidl_generator_py/scout_msgs/scout_msgs_s__rosidl_typesupport_fastrtps_c.cpython-310-x86_64-linux-gnu.so[0m
[3.210s] [100%] [32m[1mLinking C shared library rosidl_generator_py/scout_msgs/scout_msgs_s__rosidl_typesupport_c.cpython-310-x86_64-linux-gnu.so[0m
[3.239s] [100%] Built target scout_msgs__rosidl_typesupport_fastrtps_c__pyext
[3.240s] [100%] Built target scout_msgs__rosidl_typesupport_c__pyext
[3.240s] [100%] Built target scout_msgs__rosidl_typesupport_introspection_c__pyext
[3.250s] Invoked command in '/home/mvai/Documents/zjl/Agentic_Robotics/scout_ros2/build/scout_msgs' returned '0': CMAKE_PREFIX_PATH=${CMAKE_PREFIX_PATH}:/opt/ros/humble /usr/bin/cmake --build /home/mvai/Documents/zjl/Agentic_Robotics/scout_ros2/build/scout_msgs -- -j24 -l24
[3.251s] Invoking command in '/home/mvai/Documents/zjl/Agentic_Robotics/scout_ros2/build/scout_msgs': CMAKE_PREFIX_PATH=${CMAKE_PREFIX_PATH}:/opt/ros/humble /usr/bin/cmake --install /home/mvai/Documents/zjl/Agentic_Robotics/scout_ros2/build/scout_msgs
[3.258s] -- Install configuration: ""
[3.258s] -- Installing: /home/mvai/Documents/zjl/Agentic_Robotics/scout_ros2/install/scout_msgs/share/ament_index/resource_index/rosidl_interfaces/scout_msgs
[3.258s] -- Installing: /home/mvai/Documents/zjl/Agentic_Robotics/scout_ros2/install/scout_msgs/include/scout_msgs/scout_msgs
[3.258s] -- Installing: /home/mvai/Documents/zjl/Agentic_Robotics/scout_ros2/install/scout_msgs/include/scout_msgs/scout_msgs/msg
[3.258s] -- Installing: /home/mvai/Documents/zjl/Agentic_Robotics/scout_ros2/install/scout_msgs/include/scout_msgs/scout_msgs/msg/scout_light_cmd.h
[3.258s] -- Installing: /home/mvai/Documents/zjl/Agentic_Robotics/scout_ros2/install/scout_msgs/include/scout_msgs/scout_msgs/msg/detail
[3.258s] -- Installing: /home/mvai/Documents/zjl/Agentic_Robotics/scout_ros2/install/scout_msgs/include/scout_msgs/scout_msgs/msg/detail/scout_status__type_support.h
[3.258s] -- Installing: /home/mvai/Documents/zjl/Agentic_Robotics/scout_ros2/install/scout_msgs/include/scout_msgs/scout_msgs/msg/detail/scout_light_state__type_support.h
[3.258s] -- Installing: /home/mvai/Documents/zjl/Agentic_Robotics/scout_ros2/install/scout_msgs/include/scout_msgs/scout_msgs/msg/detail/scout_actuator_state__functions.h
[3.258s] -- Installing: /home/mvai/Documents/zjl/Agentic_Robotics/scout_ros2/install/scout_msgs/include/scout_msgs/scout_msgs/msg/detail/scout_status__functions.h
[3.258s] -- Installing: /home/mvai/Documents/zjl/Agentic_Robotics/scout_ros2/install/scout_msgs/include/scout_msgs/scout_msgs/msg/detail/scout_light_cmd__type_support.h
[3.259s] -- Installing: /home/mvai/Documents/zjl/Agentic_Robotics/scout_ros2/install/scout_msgs/include/scout_msgs/scout_msgs/msg/detail/scout_light_state__functions.h
[3.259s] -- Installing: /home/mvai/Documents/zjl/Agentic_Robotics/scout_ros2/install/scout_msgs/include/scout_msgs/scout_msgs/msg/detail/scout_light_cmd__struct.h
[3.259s] -- Installing: /home/mvai/Documents/zjl/Agentic_Robotics/scout_ros2/install/scout_msgs/include/scout_msgs/scout_msgs/msg/detail/scout_light_cmd__functions.h
[3.259s] -- Installing: /home/mvai/Documents/zjl/Agentic_Robotics/scout_ros2/install/scout_msgs/include/scout_msgs/scout_msgs/msg/detail/scout_actuator_state__type_support.h
[3.259s] -- Installing: /home/mvai/Documents/zjl/Agentic_Robotics/scout_ros2/install/scout_msgs/include/scout_msgs/scout_msgs/msg/detail/scout_status__struct.h
[3.259s] -- Installing: /home/mvai/Documents/zjl/Agentic_Robotics/scout_ros2/install/scout_msgs/include/scout_msgs/scout_msgs/msg/detail/scout_rc_state__struct.h
[3.259s] -- Installing: /home/mvai/Documents/zjl/Agentic_Robotics/scout_ros2/install/scout_msgs/include/scout_msgs/scout_msgs/msg/detail/scout_actuator_state__struct.h
[3.259s] -- Installing: /home/mvai/Documents/zjl/Agentic_Robotics/scout_ros2/install/scout_msgs/include/scout_msgs/scout_msgs/msg/detail/scout_actuator_state__functions.c
[3.259s] -- Installing: /home/mvai/Documents/zjl/Agentic_Robotics/scout_ros2/install/scout_msgs/include/scout_msgs/scout_msgs/msg/detail/scout_light_cmd__functions.c
[3.259s] -- Installing: /home/mvai/Documents/zjl/Agentic_Robotics/scout_ros2/install/scout_msgs/include/scout_msgs/scout_msgs/msg/detail/scout_status__functions.c
[3.259s] -- Installing: /home/mvai/Documents/zjl/Agentic_Robotics/scout_ros2/install/scout_msgs/include/scout_msgs/scout_msgs/msg/detail/scout_rc_state__type_support.h
[3.259s] -- Installing: /home/mvai/Documents/zjl/Agentic_Robotics/scout_ros2/install/scout_msgs/include/scout_msgs/scout_msgs/msg/detail/scout_light_state__struct.h
[3.259s] -- Installing: /home/mvai/Documents/zjl/Agentic_Robotics/scout_ros2/install/scout_msgs/include/scout_msgs/scout_msgs/msg/detail/scout_rc_state__functions.h
[3.259s] -- Installing: /home/mvai/Documents/zjl/Agentic_Robotics/scout_ros2/install/scout_msgs/include/scout_msgs/scout_msgs/msg/detail/scout_rc_state__functions.c
[3.259s] -- Installing: /home/mvai/Documents/zjl/Agentic_Robotics/scout_ros2/install/scout_msgs/include/scout_msgs/scout_msgs/msg/detail/scout_light_state__functions.c
[3.259s] -- Installing: /home/mvai/Documents/zjl/Agentic_Robotics/scout_ros2/install/scout_msgs/include/scout_msgs/scout_msgs/msg/scout_actuator_state.h
[3.259s] -- Installing: /home/mvai/Documents/zjl/Agentic_Robotics/scout_ros2/install/scout_msgs/include/scout_msgs/scout_msgs/msg/scout_light_state.h
[3.259s] -- Installing: /home/mvai/Documents/zjl/Agentic_Robotics/scout_ros2/install/scout_msgs/include/scout_msgs/scout_msgs/msg/scout_rc_state.h
[3.259s] -- Installing: /home/mvai/Documents/zjl/Agentic_Robotics/scout_ros2/install/scout_msgs/include/scout_msgs/scout_msgs/msg/scout_status.h
[3.259s] -- Installing: /home/mvai/Documents/zjl/Agentic_Robotics/scout_ros2/install/scout_msgs/include/scout_msgs/scout_msgs/msg/rosidl_generator_c__visibility_control.h
[3.259s] -- Installing: /home/mvai/Documents/zjl/Agentic_Robotics/scout_ros2/install/scout_msgs/share/scout_msgs/environment/library_path.sh
[3.259s] -- Installing: /home/mvai/Documents/zjl/Agentic_Robotics/scout_ros2/install/scout_msgs/share/scout_msgs/environment/library_path.dsv
[3.259s] -- Installing: /home/mvai/Documents/zjl/Agentic_Robotics/scout_ros2/install/scout_msgs/lib/libscout_msgs__rosidl_generator_c.so
[3.259s] -- Set runtime path of "/home/mvai/Documents/zjl/Agentic_Robotics/scout_ros2/install/scout_msgs/lib/libscout_msgs__rosidl_generator_c.so" to ""
[3.259s] -- Up-to-date: /home/mvai/Documents/zjl/Agentic_Robotics/scout_ros2/install/scout_msgs/include/scout_msgs/scout_msgs
[3.260s] -- Up-to-date: /home/mvai/Documents/zjl/Agentic_Robotics/scout_ros2/install/scout_msgs/include/scout_msgs/scout_msgs/msg
[3.260s] -- Installing: /home/mvai/Documents/zjl/Agentic_Robotics/scout_ros2/install/scout_msgs/include/scout_msgs/scout_msgs/msg/rosidl_typesupport_fastrtps_c__visibility_control.h
[3.260s] -- Up-to-date: /home/mvai/Documents/zjl/Agentic_Robotics/scout_ros2/install/scout_msgs/include/scout_msgs/scout_msgs/msg/detail
[3.260s] -- Installing: /home/mvai/Documents/zjl/Agentic_Robotics/scout_ros2/install/scout_msgs/include/scout_msgs/scout_msgs/msg/detail/scout_light_state__rosidl_typesupport_fastrtps_c.h
[3.260s] -- Installing: /home/mvai/Documents/zjl/Agentic_Robotics/scout_ros2/install/scout_msgs/include/scout_msgs/scout_msgs/msg/detail/scout_light_cmd__rosidl_typesupport_fastrtps_c.h
[3.260s] -- Installing: /home/mvai/Documents/zjl/Agentic_Robotics/scout_ros2/install/scout_msgs/include/scout_msgs/scout_msgs/msg/detail/scout_actuator_state__rosidl_typesupport_fastrtps_c.h
[3.260s] -- Installing: /home/mvai/Documents/zjl/Agentic_Robotics/scout_ros2/install/scout_msgs/include/scout_msgs/scout_msgs/msg/detail/scout_rc_state__rosidl_typesupport_fastrtps_c.h
[3.260s] -- Installing: /home/mvai/Documents/zjl/Agentic_Robotics/scout_ros2/install/scout_msgs/include/scout_msgs/scout_msgs/msg/detail/scout_status__rosidl_typesupport_fastrtps_c.h
[3.260s] -- Installing: /home/mvai/Documents/zjl/Agentic_Robotics/scout_ros2/install/scout_msgs/lib/libscout_msgs__rosidl_typesupport_fastrtps_c.so
[3.260s] -- Set runtime path of "/home/mvai/Documents/zjl/Agentic_Robotics/scout_ros2/install/scout_msgs/lib/libscout_msgs__rosidl_typesupport_fastrtps_c.so" to ""
[3.260s] -- Up-to-date: /home/mvai/Documents/zjl/Agentic_Robotics/scout_ros2/install/scout_msgs/include/scout_msgs/scout_msgs
[3.260s] -- Up-to-date: /home/mvai/Documents/zjl/Agentic_Robotics/scout_ros2/install/scout_msgs/include/scout_msgs/scout_msgs/msg
[3.260s] -- Installing: /home/mvai/Documents/zjl/Agentic_Robotics/scout_ros2/install/scout_msgs/include/scout_msgs/scout_msgs/msg/rosidl_generator_cpp__visibility_control.hpp
[3.260s] -- Up-to-date: /home/mvai/Documents/zjl/Agentic_Robotics/scout_ros2/install/scout_msgs/include/scout_msgs/scout_msgs/msg/detail
[3.260s] -- Installing: /home/mvai/Documents/zjl/Agentic_Robotics/scout_ros2/install/scout_msgs/include/scout_msgs/scout_msgs/msg/detail/scout_status__type_support.hpp
[3.260s] -- Installing: /home/mvai/Documents/zjl/Agentic_Robotics/scout_ros2/install/scout_msgs/include/scout_msgs/scout_msgs/msg/detail/scout_light_cmd__traits.hpp
[3.260s] -- Installing: /home/mvai/Documents/zjl/Agentic_Robotics/scout_ros2/install/scout_msgs/include/scout_msgs/scout_msgs/msg/detail/scout_light_state__builder.hpp
[3.260s] -- Installing: /home/mvai/Documents/zjl/Agentic_Robotics/scout_ros2/install/scout_msgs/include/scout_msgs/scout_msgs/msg/detail/scout_actuator_state__type_support.hpp
[3.260s] -- Installing: /home/mvai/Documents/zjl/Agentic_Robotics/scout_ros2/install/scout_msgs/include/scout_msgs/scout_msgs/msg/detail/scout_light_state__struct.hpp
[3.260s] -- Installing: /home/mvai/Documents/zjl/Agentic_Robotics/scout_ros2/install/scout_msgs/include/scout_msgs/scout_msgs/msg/detail/scout_actuator_state__traits.hpp
[3.260s] -- Installing: /home/mvai/Documents/zjl/Agentic_Robotics/scout_ros2/install/scout_msgs/include/scout_msgs/scout_msgs/msg/detail/scout_status__builder.hpp
[3.260s] -- Installing: /home/mvai/Documents/zjl/Agentic_Robotics/scout_ros2/install/scout_msgs/include/scout_msgs/scout_msgs/msg/detail/scout_actuator_state__struct.hpp
[3.261s] -- Installing: /home/mvai/Documents/zjl/Agentic_Robotics/scout_ros2/install/scout_msgs/include/scout_msgs/scout_msgs/msg/detail/scout_rc_state__traits.hpp
[3.261s] -- Installing: /home/mvai/Documents/zjl/Agentic_Robotics/scout_ros2/install/scout_msgs/include/scout_msgs/scout_msgs/msg/detail/scout_rc_state__builder.hpp
[3.261s] -- Installing: /home/mvai/Documents/zjl/Agentic_Robotics/scout_ros2/install/scout_msgs/include/scout_msgs/scout_msgs/msg/detail/scout_light_cmd__type_support.hpp
[3.261s] -- Installing: /home/mvai/Documents/zjl/Agentic_Robotics/scout_ros2/install/scout_msgs/include/scout_msgs/scout_msgs/msg/detail/scout_status__struct.hpp
[3.261s] -- Installing: /home/mvai/Documents/zjl/Agentic_Robotics/scout_ros2/install/scout_msgs/include/scout_msgs/scout_msgs/msg/detail/scout_light_state__traits.hpp
[3.261s] -- Installing: /home/mvai/Documents/zjl/Agentic_Robotics/scout_ros2/install/scout_msgs/include/scout_msgs/scout_msgs/msg/detail/scout_rc_state__type_support.hpp
[3.261s] -- Installing: /home/mvai/Documents/zjl/Agentic_Robotics/scout_ros2/install/scout_msgs/include/scout_msgs/scout_msgs/msg/detail/scout_light_cmd__struct.hpp
[3.261s] -- Installing: /home/mvai/Documents/zjl/Agentic_Robotics/scout_ros2/install/scout_msgs/include/scout_msgs/scout_msgs/msg/detail/scout_light_state__type_support.hpp
[3.261s] -- Installing: /home/mvai/Documents/zjl/Agentic_Robotics/scout_ros2/install/scout_msgs/include/scout_msgs/scout_msgs/msg/detail/scout_rc_state__struct.hpp
[3.261s] -- Installing: /home/mvai/Documents/zjl/Agentic_Robotics/scout_ros2/install/scout_msgs/include/scout_msgs/scout_msgs/msg/detail/scout_actuator_state__builder.hpp
[3.261s] -- Installing: /home/mvai/Documents/zjl/Agentic_Robotics/scout_ros2/install/scout_msgs/include/scout_msgs/scout_msgs/msg/detail/scout_light_cmd__builder.hpp
[3.261s] -- Installing: /home/mvai/Documents/zjl/Agentic_Robotics/scout_ros2/install/scout_msgs/include/scout_msgs/scout_msgs/msg/detail/scout_status__traits.hpp
[3.261s] -- Installing: /home/mvai/Documents/zjl/Agentic_Robotics/scout_ros2/install/scout_msgs/include/scout_msgs/scout_msgs/msg/scout_rc_state.hpp
[3.261s] -- Installing: /home/mvai/Documents/zjl/Agentic_Robotics/scout_ros2/install/scout_msgs/include/scout_msgs/scout_msgs/msg/scout_light_cmd.hpp
[3.261s] -- Installing: /home/mvai/Documents/zjl/Agentic_Robotics/scout_ros2/install/scout_msgs/include/scout_msgs/scout_msgs/msg/scout_light_state.hpp
[3.261s] -- Installing: /home/mvai/Documents/zjl/Agentic_Robotics/scout_ros2/install/scout_msgs/include/scout_msgs/scout_msgs/msg/scout_actuator_state.hpp
[3.261s] -- Installing: /home/mvai/Documents/zjl/Agentic_Robotics/scout_ros2/install/scout_msgs/include/scout_msgs/scout_msgs/msg/scout_status.hpp
[3.261s] -- Up-to-date: /home/mvai/Documents/zjl/Agentic_Robotics/scout_ros2/install/scout_msgs/include/scout_msgs/scout_msgs
[3.261s] -- Up-to-date: /home/mvai/Documents/zjl/Agentic_Robotics/scout_ros2/install/scout_msgs/include/scout_msgs/scout_msgs/msg
[3.261s] -- Up-to-date: /home/mvai/Documents/zjl/Agentic_Robotics/scout_ros2/install/scout_msgs/include/scout_msgs/scout_msgs/msg/detail
[3.261s] -- Installing: /home/mvai/Documents/zjl/Agentic_Robotics/scout_ros2/install/scout_msgs/include/scout_msgs/scout_msgs/msg/detail/scout_status__rosidl_typesupport_fastrtps_cpp.hpp
[3.261s] -- Installing: /home/mvai/Documents/zjl/Agentic_Robotics/scout_ros2/install/scout_msgs/include/scout_msgs/scout_msgs/msg/detail/scout_light_state__rosidl_typesupport_fastrtps_cpp.hpp
[3.261s] -- Installing: /home/mvai/Documents/zjl/Agentic_Robotics/scout_ros2/install/scout_msgs/include/scout_msgs/scout_msgs/msg/detail/scout_light_cmd__rosidl_typesupport_fastrtps_cpp.hpp
[3.261s] -- Installing: /home/mvai/Documents/zjl/Agentic_Robotics/scout_ros2/install/scout_msgs/include/scout_msgs/scout_msgs/msg/detail/scout_rc_state__rosidl_typesupport_fastrtps_cpp.hpp
[3.261s] -- Installing: /home/mvai/Documents/zjl/Agentic_Robotics/scout_ros2/install/scout_msgs/include/scout_msgs/scout_msgs/msg/detail/scout_actuator_state__rosidl_typesupport_fastrtps_cpp.hpp
[3.262s] -- Installing: /home/mvai/Documents/zjl/Agentic_Robotics/scout_ros2/install/scout_msgs/include/scout_msgs/scout_msgs/msg/detail/dds_fastrtps
[3.262s] -- Installing: /home/mvai/Documents/zjl/Agentic_Robotics/scout_ros2/install/scout_msgs/include/scout_msgs/scout_msgs/msg/rosidl_typesupport_fastrtps_cpp__visibility_control.h
[3.262s] -- Installing: /home/mvai/Documents/zjl/Agentic_Robotics/scout_ros2/install/scout_msgs/lib/libscout_msgs__rosidl_typesupport_fastrtps_cpp.so
[3.262s] -- Set runtime path of "/home/mvai/Documents/zjl/Agentic_Robotics/scout_ros2/install/scout_msgs/lib/libscout_msgs__rosidl_typesupport_fastrtps_cpp.so" to ""
[3.262s] -- Up-to-date: /home/mvai/Documents/zjl/Agentic_Robotics/scout_ros2/install/scout_msgs/include/scout_msgs/scout_msgs
[3.262s] -- Up-to-date: /home/mvai/Documents/zjl/Agentic_Robotics/scout_ros2/install/scout_msgs/include/scout_msgs/scout_msgs/msg
[3.262s] -- Installing: /home/mvai/Documents/zjl/Agentic_Robotics/scout_ros2/install/scout_msgs/include/scout_msgs/scout_msgs/msg/rosidl_typesupport_introspection_c__visibility_control.h
[3.262s] -- Up-to-date: /home/mvai/Documents/zjl/Agentic_Robotics/scout_ros2/install/scout_msgs/include/scout_msgs/scout_msgs/msg/detail
[3.262s] -- Installing: /home/mvai/Documents/zjl/Agentic_Robotics/scout_ros2/install/scout_msgs/include/scout_msgs/scout_msgs/msg/detail/scout_actuator_state__rosidl_typesupport_introspection_c.h
[3.262s] -- Installing: /home/mvai/Documents/zjl/Agentic_Robotics/scout_ros2/install/scout_msgs/include/scout_msgs/scout_msgs/msg/detail/scout_status__type_support.c
[3.262s] -- Installing: /home/mvai/Documents/zjl/Agentic_Robotics/scout_ros2/install/scout_msgs/include/scout_msgs/scout_msgs/msg/detail/scout_status__rosidl_typesupport_introspection_c.h
[3.262s] -- Installing: /home/mvai/Documents/zjl/Agentic_Robotics/scout_ros2/install/scout_msgs/include/scout_msgs/scout_msgs/msg/detail/scout_rc_state__type_support.c
[3.262s] -- Installing: /home/mvai/Documents/zjl/Agentic_Robotics/scout_ros2/install/scout_msgs/include/scout_msgs/scout_msgs/msg/detail/scout_light_cmd__rosidl_typesupport_introspection_c.h
[3.262s] -- Installing: /home/mvai/Documents/zjl/Agentic_Robotics/scout_ros2/install/scout_msgs/include/scout_msgs/scout_msgs/msg/detail/scout_light_state__type_support.c
[3.262s] -- Installing: /home/mvai/Documents/zjl/Agentic_Robotics/scout_ros2/install/scout_msgs/include/scout_msgs/scout_msgs/msg/detail/scout_light_state__rosidl_typesupport_introspection_c.h
[3.262s] -- Installing: /home/mvai/Documents/zjl/Agentic_Robotics/scout_ros2/install/scout_msgs/include/scout_msgs/scout_msgs/msg/detail/scout_light_cmd__type_support.c
[3.262s] -- Installing: /home/mvai/Documents/zjl/Agentic_Robotics/scout_ros2/install/scout_msgs/include/scout_msgs/scout_msgs/msg/detail/scout_actuator_state__type_support.c
[3.262s] -- Installing: /home/mvai/Documents/zjl/Agentic_Robotics/scout_ros2/install/scout_msgs/include/scout_msgs/scout_msgs/msg/detail/scout_rc_state__rosidl_typesupport_introspection_c.h
[3.262s] -- Installing: /home/mvai/Documents/zjl/Agentic_Robotics/scout_ros2/install/scout_msgs/lib/libscout_msgs__rosidl_typesupport_introspection_c.so
[3.262s] -- Set runtime path of "/home/mvai/Documents/zjl/Agentic_Robotics/scout_ros2/install/scout_msgs/lib/libscout_msgs__rosidl_typesupport_introspection_c.so" to ""
[3.262s] -- Installing: /home/mvai/Documents/zjl/Agentic_Robotics/scout_ros2/install/scout_msgs/lib/libscout_msgs__rosidl_typesupport_c.so
[3.263s] -- Set runtime path of "/home/mvai/Documents/zjl/Agentic_Robotics/scout_ros2/install/scout_msgs/lib/libscout_msgs__rosidl_typesupport_c.so" to ""
[3.263s] -- Up-to-date: /home/mvai/Documents/zjl/Agentic_Robotics/scout_ros2/install/scout_msgs/include/scout_msgs/scout_msgs
[3.263s] -- Up-to-date: /home/mvai/Documents/zjl/Agentic_Robotics/scout_ros2/install/scout_msgs/include/scout_msgs/scout_msgs/msg
[3.263s] -- Up-to-date: /home/mvai/Documents/zjl/Agentic_Robotics/scout_ros2/install/scout_msgs/include/scout_msgs/scout_msgs/msg/detail
[3.263s] -- Installing: /home/mvai/Documents/zjl/Agentic_Robotics/scout_ros2/install/scout_msgs/include/scout_msgs/scout_msgs/msg/detail/scout_rc_state__rosidl_typesupport_introspection_cpp.hpp
[3.263s] -- Installing: /home/mvai/Documents/zjl/Agentic_Robotics/scout_ros2/install/scout_msgs/include/scout_msgs/scout_msgs/msg/detail/scout_light_state__type_support.cpp
[3.263s] -- Installing: /home/mvai/Documents/zjl/Agentic_Robotics/scout_ros2/install/scout_msgs/include/scout_msgs/scout_msgs/msg/detail/scout_status__type_support.cpp
[3.263s] -- Installing: /home/mvai/Documents/zjl/Agentic_Robotics/scout_ros2/install/scout_msgs/include/scout_msgs/scout_msgs/msg/detail/scout_status__rosidl_typesupport_introspection_cpp.hpp
[3.263s] -- Installing: /home/mvai/Documents/zjl/Agentic_Robotics/scout_ros2/install/scout_msgs/include/scout_msgs/scout_msgs/msg/detail/scout_light_cmd__type_support.cpp
[3.263s] -- Installing: /home/mvai/Documents/zjl/Agentic_Robotics/scout_ros2/install/scout_msgs/include/scout_msgs/scout_msgs/msg/detail/scout_light_cmd__rosidl_typesupport_introspection_cpp.hpp
[3.263s] -- Installing: /home/mvai/Documents/zjl/Agentic_Robotics/scout_ros2/install/scout_msgs/include/scout_msgs/scout_msgs/msg/detail/scout_light_state__rosidl_typesupport_introspection_cpp.hpp
[3.263s] -- Installing: /home/mvai/Documents/zjl/Agentic_Robotics/scout_ros2/install/scout_msgs/include/scout_msgs/scout_msgs/msg/detail/scout_actuator_state__rosidl_typesupport_introspection_cpp.hpp
[3.263s] -- Installing: /home/mvai/Documents/zjl/Agentic_Robotics/scout_ros2/install/scout_msgs/include/scout_msgs/scout_msgs/msg/detail/scout_rc_state__type_support.cpp
[3.263s] -- Installing: /home/mvai/Documents/zjl/Agentic_Robotics/scout_ros2/install/scout_msgs/include/scout_msgs/scout_msgs/msg/detail/scout_actuator_state__type_support.cpp
[3.263s] -- Installing: /home/mvai/Documents/zjl/Agentic_Robotics/scout_ros2/install/scout_msgs/lib/libscout_msgs__rosidl_typesupport_introspection_cpp.so
[3.263s] -- Set runtime path of "/home/mvai/Documents/zjl/Agentic_Robotics/scout_ros2/install/scout_msgs/lib/libscout_msgs__rosidl_typesupport_introspection_cpp.so" to ""
[3.263s] -- Installing: /home/mvai/Documents/zjl/Agentic_Robotics/scout_ros2/install/scout_msgs/lib/libscout_msgs__rosidl_typesupport_cpp.so
[3.263s] -- Set runtime path of "/home/mvai/Documents/zjl/Agentic_Robotics/scout_ros2/install/scout_msgs/lib/libscout_msgs__rosidl_typesupport_cpp.so" to ""
[3.263s] -- Installing: /home/mvai/Documents/zjl/Agentic_Robotics/scout_ros2/install/scout_msgs/share/scout_msgs/environment/pythonpath.sh
[3.264s] -- Installing: /home/mvai/Documents/zjl/Agentic_Robotics/scout_ros2/install/scout_msgs/share/scout_msgs/environment/pythonpath.dsv
[3.264s] -- Installing: /home/mvai/Documents/zjl/Agentic_Robotics/scout_ros2/install/scout_msgs/local/lib/python3.10/dist-packages/scout_msgs-0.1.0-py3.10.egg-info
[3.264s] -- Installing: /home/mvai/Documents/zjl/Agentic_Robotics/scout_ros2/install/scout_msgs/local/lib/python3.10/dist-packages/scout_msgs-0.1.0-py3.10.egg-info/SOURCES.txt
[3.264s] -- Installing: /home/mvai/Documents/zjl/Agentic_Robotics/scout_ros2/install/scout_msgs/local/lib/python3.10/dist-packages/scout_msgs-0.1.0-py3.10.egg-info/top_level.txt
[3.264s] -- Installing: /home/mvai/Documents/zjl/Agentic_Robotics/scout_ros2/install/scout_msgs/local/lib/python3.10/dist-packages/scout_msgs-0.1.0-py3.10.egg-info/dependency_links.txt
[3.264s] -- Installing: /home/mvai/Documents/zjl/Agentic_Robotics/scout_ros2/install/scout_msgs/local/lib/python3.10/dist-packages/scout_msgs-0.1.0-py3.10.egg-info/PKG-INFO
[3.264s] -- Installing: /home/mvai/Documents/zjl/Agentic_Robotics/scout_ros2/install/scout_msgs/local/lib/python3.10/dist-packages/scout_msgs
[3.264s] -- Installing: /home/mvai/Documents/zjl/Agentic_Robotics/scout_ros2/install/scout_msgs/local/lib/python3.10/dist-packages/scout_msgs/scout_msgs_s__rosidl_typesupport_introspection_c.cpython-310-x86_64-linux-gnu.so
[3.264s] -- Installing: /home/mvai/Documents/zjl/Agentic_Robotics/scout_ros2/install/scout_msgs/local/lib/python3.10/dist-packages/scout_msgs/__init__.py
[3.264s] -- Installing: /home/mvai/Documents/zjl/Agentic_Robotics/scout_ros2/install/scout_msgs/local/lib/python3.10/dist-packages/scout_msgs/libscout_msgs__rosidl_generator_py.so
[3.264s] -- Installing: /home/mvai/Documents/zjl/Agentic_Robotics/scout_ros2/install/scout_msgs/local/lib/python3.10/dist-packages/scout_msgs/_scout_msgs_s.ep.rosidl_typesupport_c.c
[3.264s] -- Installing: /home/mvai/Documents/zjl/Agentic_Robotics/scout_ros2/install/scout_msgs/local/lib/python3.10/dist-packages/scout_msgs/_scout_msgs_s.ep.rosidl_typesupport_fastrtps_c.c
[3.264s] -- Installing: /home/mvai/Documents/zjl/Agentic_Robotics/scout_ros2/install/scout_msgs/local/lib/python3.10/dist-packages/scout_msgs/_scout_msgs_s.ep.rosidl_typesupport_introspection_c.c
[3.264s] -- Installing: /home/mvai/Documents/zjl/Agentic_Robotics/scout_ros2/install/scout_msgs/local/lib/python3.10/dist-packages/scout_msgs/scout_msgs_s__rosidl_typesupport_c.cpython-310-x86_64-linux-gnu.so
[3.264s] -- Installing: /home/mvai/Documents/zjl/Agentic_Robotics/scout_ros2/install/scout_msgs/local/lib/python3.10/dist-packages/scout_msgs/scout_msgs_s__rosidl_typesupport_fastrtps_c.cpython-310-x86_64-linux-gnu.so
[3.264s] -- Installing: /home/mvai/Documents/zjl/Agentic_Robotics/scout_ros2/install/scout_msgs/local/lib/python3.10/dist-packages/scout_msgs/msg
[3.264s] -- Installing: /home/mvai/Documents/zjl/Agentic_Robotics/scout_ros2/install/scout_msgs/local/lib/python3.10/dist-packages/scout_msgs/msg/_scout_status_s.c
[3.264s] -- Installing: /home/mvai/Documents/zjl/Agentic_Robotics/scout_ros2/install/scout_msgs/local/lib/python3.10/dist-packages/scout_msgs/msg/_scout_rc_state_s.c
[3.264s] -- Installing: /home/mvai/Documents/zjl/Agentic_Robotics/scout_ros2/install/scout_msgs/local/lib/python3.10/dist-packages/scout_msgs/msg/__init__.py
[3.264s] -- Installing: /home/mvai/Documents/zjl/Agentic_Robotics/scout_ros2/install/scout_msgs/local/lib/python3.10/dist-packages/scout_msgs/msg/_scout_light_cmd_s.c
[3.264s] -- Installing: /home/mvai/Documents/zjl/Agentic_Robotics/scout_ros2/install/scout_msgs/local/lib/python3.10/dist-packages/scout_msgs/msg/_scout_light_cmd.py
[3.265s] -- Installing: /home/mvai/Documents/zjl/Agentic_Robotics/scout_ros2/install/scout_msgs/local/lib/python3.10/dist-packages/scout_msgs/msg/_scout_rc_state.py
[3.265s] -- Installing: /home/mvai/Documents/zjl/Agentic_Robotics/scout_ros2/install/scout_msgs/local/lib/python3.10/dist-packages/scout_msgs/msg/_scout_light_state_s.c
[3.265s] -- Installing: /home/mvai/Documents/zjl/Agentic_Robotics/scout_ros2/install/scout_msgs/local/lib/python3.10/dist-packages/scout_msgs/msg/_scout_light_state.py
[3.265s] -- Installing: /home/mvai/Documents/zjl/Agentic_Robotics/scout_ros2/install/scout_msgs/local/lib/python3.10/dist-packages/scout_msgs/msg/_scout_actuator_state_s.c
[3.265s] -- Installing: /home/mvai/Documents/zjl/Agentic_Robotics/scout_ros2/install/scout_msgs/local/lib/python3.10/dist-packages/scout_msgs/msg/_scout_status.py
[3.265s] -- Installing: /home/mvai/Documents/zjl/Agentic_Robotics/scout_ros2/install/scout_msgs/local/lib/python3.10/dist-packages/scout_msgs/msg/_scout_actuator_state.py
[3.293s] Listing '/home/mvai/Documents/zjl/Agentic_Robotics/scout_ros2/install/scout_msgs/local/lib/python3.10/dist-packages/scout_msgs'...
[3.293s] Compiling '/home/mvai/Documents/zjl/Agentic_Robotics/scout_ros2/install/scout_msgs/local/lib/python3.10/dist-packages/scout_msgs/__init__.py'...
[3.293s] Listing '/home/mvai/Documents/zjl/Agentic_Robotics/scout_ros2/install/scout_msgs/local/lib/python3.10/dist-packages/scout_msgs/msg'...
[3.293s] Compiling '/home/mvai/Documents/zjl/Agentic_Robotics/scout_ros2/install/scout_msgs/local/lib/python3.10/dist-packages/scout_msgs/msg/__init__.py'...
[3.293s] Compiling '/home/mvai/Documents/zjl/Agentic_Robotics/scout_ros2/install/scout_msgs/local/lib/python3.10/dist-packages/scout_msgs/msg/_scout_actuator_state.py'...
[3.293s] Compiling '/home/mvai/Documents/zjl/Agentic_Robotics/scout_ros2/install/scout_msgs/local/lib/python3.10/dist-packages/scout_msgs/msg/_scout_light_cmd.py'...
[3.293s] Compiling '/home/mvai/Documents/zjl/Agentic_Robotics/scout_ros2/install/scout_msgs/local/lib/python3.10/dist-packages/scout_msgs/msg/_scout_light_state.py'...
[3.293s] Compiling '/home/mvai/Documents/zjl/Agentic_Robotics/scout_ros2/install/scout_msgs/local/lib/python3.10/dist-packages/scout_msgs/msg/_scout_rc_state.py'...
[3.293s] Compiling '/home/mvai/Documents/zjl/Agentic_Robotics/scout_ros2/install/scout_msgs/local/lib/python3.10/dist-packages/scout_msgs/msg/_scout_status.py'...
[3.295s] -- Installing: /home/mvai/Documents/zjl/Agentic_Robotics/scout_ros2/install/scout_msgs/local/lib/python3.10/dist-packages/scout_msgs/scout_msgs_s__rosidl_typesupport_fastrtps_c.cpython-310-x86_64-linux-gnu.so
[3.295s] -- Set runtime path of "/home/mvai/Documents/zjl/Agentic_Robotics/scout_ros2/install/scout_msgs/local/lib/python3.10/dist-packages/scout_msgs/scout_msgs_s__rosidl_typesupport_fastrtps_c.cpython-310-x86_64-linux-gnu.so" to ""
[3.296s] -- Installing: /home/mvai/Documents/zjl/Agentic_Robotics/scout_ros2/install/scout_msgs/local/lib/python3.10/dist-packages/scout_msgs/scout_msgs_s__rosidl_typesupport_introspection_c.cpython-310-x86_64-linux-gnu.so
[3.296s] -- Set runtime path of "/home/mvai/Documents/zjl/Agentic_Robotics/scout_ros2/install/scout_msgs/local/lib/python3.10/dist-packages/scout_msgs/scout_msgs_s__rosidl_typesupport_introspection_c.cpython-310-x86_64-linux-gnu.so" to ""
[3.296s] -- Installing: /home/mvai/Documents/zjl/Agentic_Robotics/scout_ros2/install/scout_msgs/local/lib/python3.10/dist-packages/scout_msgs/scout_msgs_s__rosidl_typesupport_c.cpython-310-x86_64-linux-gnu.so
[3.296s] -- Set runtime path of "/home/mvai/Documents/zjl/Agentic_Robotics/scout_ros2/install/scout_msgs/local/lib/python3.10/dist-packages/scout_msgs/scout_msgs_s__rosidl_typesupport_c.cpython-310-x86_64-linux-gnu.so" to ""
[3.296s] -- Installing: /home/mvai/Documents/zjl/Agentic_Robotics/scout_ros2/install/scout_msgs/lib/libscout_msgs__rosidl_generator_py.so
[3.296s] -- Set runtime path of "/home/mvai/Documents/zjl/Agentic_Robotics/scout_ros2/install/scout_msgs/lib/libscout_msgs__rosidl_generator_py.so" to ""
[3.296s] -- Installing: /home/mvai/Documents/zjl/Agentic_Robotics/scout_ros2/install/scout_msgs/share/scout_msgs/rust
[3.296s] -- Installing: /home/mvai/Documents/zjl/Agentic_Robotics/scout_ros2/install/scout_msgs/share/scout_msgs/rust/Cargo.toml
[3.296s] -- Installing: /home/mvai/Documents/zjl/Agentic_Robotics/scout_ros2/install/scout_msgs/share/scout_msgs/rust/src
[3.296s] -- Installing: /home/mvai/Documents/zjl/Agentic_Robotics/scout_ros2/install/scout_msgs/share/scout_msgs/rust/src/lib.rs
[3.296s] -- Installing: /home/mvai/Documents/zjl/Agentic_Robotics/scout_ros2/install/scout_msgs/share/scout_msgs/rust/src/msg.rs
[3.296s] -- Installing: /home/mvai/Documents/zjl/Agentic_Robotics/scout_ros2/install/scout_msgs/share/scout_msgs/rust/src/msg
[3.296s] -- Installing: /home/mvai/Documents/zjl/Agentic_Robotics/scout_ros2/install/scout_msgs/share/scout_msgs/rust/src/msg/rmw.rs
[3.297s] -- Installing: /home/mvai/Documents/zjl/Agentic_Robotics/scout_ros2/install/scout_msgs/share/scout_msgs/rust/build.rs
[3.297s] -- Installing: /home/mvai/Documents/zjl/Agentic_Robotics/scout_ros2/install/scout_msgs/share/scout_msgs/msg/ScoutActuatorState.idl
[3.297s] -- Installing: /home/mvai/Documents/zjl/Agentic_Robotics/scout_ros2/install/scout_msgs/share/scout_msgs/msg/ScoutLightCmd.idl
[3.297s] -- Installing: /home/mvai/Documents/zjl/Agentic_Robotics/scout_ros2/install/scout_msgs/share/scout_msgs/msg/ScoutLightState.idl
[3.297s] -- Installing: /home/mvai/Documents/zjl/Agentic_Robotics/scout_ros2/install/scout_msgs/share/scout_msgs/msg/ScoutRCState.idl
[3.297s] -- Installing: /home/mvai/Documents/zjl/Agentic_Robotics/scout_ros2/install/scout_msgs/share/scout_msgs/msg/ScoutStatus.idl
[3.297s] -- Installing: /home/mvai/Documents/zjl/Agentic_Robotics/scout_ros2/install/scout_msgs/share/scout_msgs/msg/ScoutActuatorState.msg
[3.297s] -- Installing: /home/mvai/Documents/zjl/Agentic_Robotics/scout_ros2/install/scout_msgs/share/scout_msgs/msg/ScoutLightCmd.msg
[3.297s] -- Installing: /home/mvai/Documents/zjl/Agentic_Robotics/scout_ros2/install/scout_msgs/share/scout_msgs/msg/ScoutLightState.msg
[3.297s] -- Installing: /home/mvai/Documents/zjl/Agentic_Robotics/scout_ros2/install/scout_msgs/share/scout_msgs/msg/ScoutRCState.msg
[3.297s] -- Installing: /home/mvai/Documents/zjl/Agentic_Robotics/scout_ros2/install/scout_msgs/share/scout_msgs/msg/ScoutStatus.msg
[3.297s] -- Installing: /home/mvai/Documents/zjl/Agentic_Robotics/scout_ros2/install/scout_msgs/share/ament_index/resource_index/package_run_dependencies/scout_msgs
[3.297s] -- Installing: /home/mvai/Documents/zjl/Agentic_Robotics/scout_ros2/install/scout_msgs/share/ament_index/resource_index/parent_prefix_path/scout_msgs
[3.297s] -- Installing: /home/mvai/Documents/zjl/Agentic_Robotics/scout_ros2/install/scout_msgs/share/scout_msgs/environment/ament_prefix_path.sh
[3.297s] -- Installing: /home/mvai/Documents/zjl/Agentic_Robotics/scout_ros2/install/scout_msgs/share/scout_msgs/environment/ament_prefix_path.dsv
[3.297s] -- Installing: /home/mvai/Documents/zjl/Agentic_Robotics/scout_ros2/install/scout_msgs/share/scout_msgs/environment/path.sh
[3.297s] -- Installing: /home/mvai/Documents/zjl/Agentic_Robotics/scout_ros2/install/scout_msgs/share/scout_msgs/environment/path.dsv
[3.297s] -- Installing: /home/mvai/Documents/zjl/Agentic_Robotics/scout_ros2/install/scout_msgs/share/scout_msgs/local_setup.bash
[3.297s] -- Installing: /home/mvai/Documents/zjl/Agentic_Robotics/scout_ros2/install/scout_msgs/share/scout_msgs/local_setup.sh
[3.297s] -- Installing: /home/mvai/Documents/zjl/Agentic_Robotics/scout_ros2/install/scout_msgs/share/scout_msgs/local_setup.zsh
[3.297s] -- Installing: /home/mvai/Documents/zjl/Agentic_Robotics/scout_ros2/install/scout_msgs/share/scout_msgs/local_setup.dsv
[3.298s] -- Installing: /home/mvai/Documents/zjl/Agentic_Robotics/scout_ros2/install/scout_msgs/share/scout_msgs/package.dsv
[3.298s] -- Installing: /home/mvai/Documents/zjl/Agentic_Robotics/scout_ros2/install/scout_msgs/share/ament_index/resource_index/packages/scout_msgs
[3.298s] -- Installing: /home/mvai/Documents/zjl/Agentic_Robotics/scout_ros2/install/scout_msgs/share/scout_msgs/cmake/export_scout_msgs__rosidl_generator_cExport.cmake
[3.298s] -- Installing: /home/mvai/Documents/zjl/Agentic_Robotics/scout_ros2/install/scout_msgs/share/scout_msgs/cmake/export_scout_msgs__rosidl_generator_cExport-noconfig.cmake
[3.298s] -- Installing: /home/mvai/Documents/zjl/Agentic_Robotics/scout_ros2/install/scout_msgs/share/scout_msgs/cmake/export_scout_msgs__rosidl_typesupport_fastrtps_cExport.cmake
[3.298s] -- Installing: /home/mvai/Documents/zjl/Agentic_Robotics/scout_ros2/install/scout_msgs/share/scout_msgs/cmake/export_scout_msgs__rosidl_typesupport_fastrtps_cExport-noconfig.cmake
[3.298s] -- Installing: /home/mvai/Documents/zjl/Agentic_Robotics/scout_ros2/install/scout_msgs/share/scout_msgs/cmake/export_scout_msgs__rosidl_generator_cppExport.cmake
[3.298s] -- Installing: /home/mvai/Documents/zjl/Agentic_Robotics/scout_ros2/install/scout_msgs/share/scout_msgs/cmake/export_scout_msgs__rosidl_typesupport_fastrtps_cppExport.cmake
[3.298s] -- Installing: /home/mvai/Documents/zjl/Agentic_Robotics/scout_ros2/install/scout_msgs/share/scout_msgs/cmake/export_scout_msgs__rosidl_typesupport_fastrtps_cppExport-noconfig.cmake
[3.298s] -- Installing: /home/mvai/Documents/zjl/Agentic_Robotics/scout_ros2/install/scout_msgs/share/scout_msgs/cmake/scout_msgs__rosidl_typesupport_introspection_cExport.cmake
[3.298s] -- Installing: /home/mvai/Documents/zjl/Agentic_Robotics/scout_ros2/install/scout_msgs/share/scout_msgs/cmake/scout_msgs__rosidl_typesupport_introspection_cExport-noconfig.cmake
[3.298s] -- Installing: /home/mvai/Documents/zjl/Agentic_Robotics/scout_ros2/install/scout_msgs/share/scout_msgs/cmake/scout_msgs__rosidl_typesupport_cExport.cmake
[3.298s] -- Installing: /home/mvai/Documents/zjl/Agentic_Robotics/scout_ros2/install/scout_msgs/share/scout_msgs/cmake/scout_msgs__rosidl_typesupport_cExport-noconfig.cmake
[3.298s] -- Installing: /home/mvai/Documents/zjl/Agentic_Robotics/scout_ros2/install/scout_msgs/share/scout_msgs/cmake/scout_msgs__rosidl_typesupport_introspection_cppExport.cmake
[3.298s] -- Installing: /home/mvai/Documents/zjl/Agentic_Robotics/scout_ros2/install/scout_msgs/share/scout_msgs/cmake/scout_msgs__rosidl_typesupport_introspection_cppExport-noconfig.cmake
[3.298s] -- Installing: /home/mvai/Documents/zjl/Agentic_Robotics/scout_ros2/install/scout_msgs/share/scout_msgs/cmake/scout_msgs__rosidl_typesupport_cppExport.cmake
[3.299s] -- Installing: /home/mvai/Documents/zjl/Agentic_Robotics/scout_ros2/install/scout_msgs/share/scout_msgs/cmake/scout_msgs__rosidl_typesupport_cppExport-noconfig.cmake
[3.299s] -- Installing: /home/mvai/Documents/zjl/Agentic_Robotics/scout_ros2/install/scout_msgs/share/scout_msgs/cmake/export_scout_msgs__rosidl_generator_pyExport.cmake
[3.299s] -- Installing: /home/mvai/Documents/zjl/Agentic_Robotics/scout_ros2/install/scout_msgs/share/scout_msgs/cmake/export_scout_msgs__rosidl_generator_pyExport-noconfig.cmake
[3.299s] -- Installing: /home/mvai/Documents/zjl/Agentic_Robotics/scout_ros2/install/scout_msgs/share/scout_msgs/cmake/rosidl_cmake-extras.cmake
[3.299s] -- Installing: /home/mvai/Documents/zjl/Agentic_Robotics/scout_ros2/install/scout_msgs/share/scout_msgs/cmake/ament_cmake_export_dependencies-extras.cmake
[3.299s] -- Installing: /home/mvai/Documents/zjl/Agentic_Robotics/scout_ros2/install/scout_msgs/share/scout_msgs/cmake/ament_cmake_export_include_directories-extras.cmake
[3.299s] -- Installing: /home/mvai/Documents/zjl/Agentic_Robotics/scout_ros2/install/scout_msgs/share/scout_msgs/cmake/ament_cmake_export_libraries-extras.cmake
[3.299s] -- Installing: /home/mvai/Documents/zjl/Agentic_Robotics/scout_ros2/install/scout_msgs/share/scout_msgs/cmake/ament_cmake_export_targets-extras.cmake
[3.299s] -- Installing: /home/mvai/Documents/zjl/Agentic_Robotics/scout_ros2/install/scout_msgs/share/scout_msgs/cmake/rosidl_cmake_export_typesupport_targets-extras.cmake
[3.299s] -- Installing: /home/mvai/Documents/zjl/Agentic_Robotics/scout_ros2/install/scout_msgs/share/scout_msgs/cmake/rosidl_cmake_export_typesupport_libraries-extras.cmake
[3.299s] -- Installing: /home/mvai/Documents/zjl/Agentic_Robotics/scout_ros2/install/scout_msgs/share/scout_msgs/cmake/rosidl_cmake_aggregate_target-extras.cmake
[3.299s] -- Installing: /home/mvai/Documents/zjl/Agentic_Robotics/scout_ros2/install/scout_msgs/share/scout_msgs/cmake/scout_msgsConfig.cmake
[3.299s] -- Installing: /home/mvai/Documents/zjl/Agentic_Robotics/scout_ros2/install/scout_msgs/share/scout_msgs/cmake/scout_msgsConfig-version.cmake
[3.299s] -- Installing: /home/mvai/Documents/zjl/Agentic_Robotics/scout_ros2/install/scout_msgs/share/scout_msgs/package.xml
[3.301s] Invoked command in '/home/mvai/Documents/zjl/Agentic_Robotics/scout_ros2/build/scout_msgs' returned '0': CMAKE_PREFIX_PATH=${CMAKE_PREFIX_PATH}:/opt/ros/humble /usr/bin/cmake --install /home/mvai/Documents/zjl/Agentic_Robotics/scout_ros2/build/scout_msgs
