[0.057s] DEBUG:colcon:Command line arguments: ['/usr/bin/colcon', 'build', '--packages-select', 'scout_description']
[0.057s] DEBUG:colcon:Parsed command line arguments: Namespace(log_base=None, log_level=None, verb_name='build', build_base='build', install_base='install', merge_install=False, symlink_install=False, test_result_base=None, continue_on_error=False, executor='parallel', parallel_workers=24, event_handlers=None, ignore_user_meta=False, metas=['./colcon.meta'], base_paths=['.'], packages_ignore=None, packages_ignore_regex=None, paths=None, packages_up_to=None, packages_up_to_regex=None, packages_above=None, packages_above_and_dependencies=None, packages_above_depth=None, packages_select_by_dep=None, packages_skip_by_dep=None, packages_skip_up_to=None, packages_select_build_failed=False, packages_skip_build_finished=False, packages_select_test_failures=False, packages_skip_test_passed=False, packages_select=['scout_description'], packages_skip=None, packages_select_regex=None, packages_skip_regex=None, packages_start=None, packages_end=None, allow_overriding=[], cmake_args=None, cmake_target=None, cmake_target_skip_unavailable=False, cmake_clean_cache=False, cmake_clean_first=False, cmake_force_configure=False, ament_cmake_args=None, catkin_cmake_args=None, catkin_skip_building_tests=False, verb_parser=<colcon_defaults.argument_parser.defaults.DefaultArgumentsDecorator object at 0x7047bfdd7dc0>, verb_extension=<colcon_core.verb.build.BuildVerb object at 0x7047bfdd7880>, main=<bound method BuildVerb.main of <colcon_core.verb.build.BuildVerb object at 0x7047bfdd7880>>)
[0.079s] Level 1:colcon.colcon_core.package_discovery:discover_packages(colcon_meta) check parameters
[0.079s] Level 1:colcon.colcon_core.package_discovery:discover_packages(recursive) check parameters
[0.079s] Level 1:colcon.colcon_core.package_discovery:discover_packages(ignore) check parameters
[0.079s] Level 1:colcon.colcon_core.package_discovery:discover_packages(path) check parameters
[0.079s] Level 1:colcon.colcon_core.package_discovery:discover_packages(colcon_meta) discover
[0.079s] Level 1:colcon.colcon_core.package_discovery:discover_packages(recursive) discover
[0.079s] INFO:colcon.colcon_core.package_discovery:Crawling recursively for packages in '/home/mvai/Documents/zjl/Agentic_Robotics/scout_ros2'
[0.079s] Level 1:colcon.colcon_core.package_identification:_identify(.) by extensions ['ignore', 'ignore_ament_install']
[0.079s] Level 1:colcon.colcon_core.package_identification:_identify(.) by extension 'ignore'
[0.079s] Level 1:colcon.colcon_core.package_identification:_identify(.) by extension 'ignore_ament_install'
[0.079s] Level 1:colcon.colcon_core.package_identification:_identify(.) by extensions ['colcon_pkg']
[0.079s] Level 1:colcon.colcon_core.package_identification:_identify(.) by extension 'colcon_pkg'
[0.079s] Level 1:colcon.colcon_core.package_identification:_identify(.) by extensions ['colcon_meta']
[0.079s] Level 1:colcon.colcon_core.package_identification:_identify(.) by extension 'colcon_meta'
[0.079s] Level 1:colcon.colcon_core.package_identification:_identify(.) by extensions ['ros']
[0.079s] Level 1:colcon.colcon_core.package_identification:_identify(.) by extension 'ros'
[0.088s] Level 1:colcon.colcon_core.package_identification:_identify(.) by extensions ['cmake', 'python']
[0.088s] Level 1:colcon.colcon_core.package_identification:_identify(.) by extension 'cmake'
[0.088s] Level 1:colcon.colcon_core.package_identification:_identify(.) by extension 'python'
[0.088s] Level 1:colcon.colcon_core.package_identification:_identify(.) by extensions ['python_setup_py']
[0.088s] Level 1:colcon.colcon_core.package_identification:_identify(.) by extension 'python_setup_py'
[0.088s] Level 1:colcon.colcon_core.package_identification:_identify(build) by extensions ['ignore', 'ignore_ament_install']
[0.088s] Level 1:colcon.colcon_core.package_identification:_identify(build) by extension 'ignore'
[0.088s] Level 1:colcon.colcon_core.package_identification:_identify(build) ignored
[0.088s] Level 1:colcon.colcon_core.package_identification:_identify(install) by extensions ['ignore', 'ignore_ament_install']
[0.088s] Level 1:colcon.colcon_core.package_identification:_identify(install) by extension 'ignore'
[0.088s] Level 1:colcon.colcon_core.package_identification:_identify(install) ignored
[0.088s] Level 1:colcon.colcon_core.package_identification:_identify(log) by extensions ['ignore', 'ignore_ament_install']
[0.088s] Level 1:colcon.colcon_core.package_identification:_identify(log) by extension 'ignore'
[0.088s] Level 1:colcon.colcon_core.package_identification:_identify(log) ignored
[0.088s] Level 1:colcon.colcon_core.package_identification:_identify(scout_base) by extensions ['ignore', 'ignore_ament_install']
[0.088s] Level 1:colcon.colcon_core.package_identification:_identify(scout_base) by extension 'ignore'
[0.088s] Level 1:colcon.colcon_core.package_identification:_identify(scout_base) by extension 'ignore_ament_install'
[0.088s] Level 1:colcon.colcon_core.package_identification:_identify(scout_base) by extensions ['colcon_pkg']
[0.088s] Level 1:colcon.colcon_core.package_identification:_identify(scout_base) by extension 'colcon_pkg'
[0.088s] Level 1:colcon.colcon_core.package_identification:_identify(scout_base) by extensions ['colcon_meta']
[0.088s] Level 1:colcon.colcon_core.package_identification:_identify(scout_base) by extension 'colcon_meta'
[0.088s] Level 1:colcon.colcon_core.package_identification:_identify(scout_base) by extensions ['ros']
[0.088s] Level 1:colcon.colcon_core.package_identification:_identify(scout_base) by extension 'ros'
[0.090s] DEBUG:colcon.colcon_core.package_identification:Package 'scout_base' with type 'ros.ament_cmake' and name 'scout_base'
[0.090s] Level 1:colcon.colcon_core.package_identification:_identify(scout_description) by extensions ['ignore', 'ignore_ament_install']
[0.090s] Level 1:colcon.colcon_core.package_identification:_identify(scout_description) by extension 'ignore'
[0.090s] Level 1:colcon.colcon_core.package_identification:_identify(scout_description) by extension 'ignore_ament_install'
[0.090s] Level 1:colcon.colcon_core.package_identification:_identify(scout_description) by extensions ['colcon_pkg']
[0.090s] Level 1:colcon.colcon_core.package_identification:_identify(scout_description) by extension 'colcon_pkg'
[0.090s] Level 1:colcon.colcon_core.package_identification:_identify(scout_description) by extensions ['colcon_meta']
[0.090s] Level 1:colcon.colcon_core.package_identification:_identify(scout_description) by extension 'colcon_meta'
[0.090s] Level 1:colcon.colcon_core.package_identification:_identify(scout_description) by extensions ['ros']
[0.090s] Level 1:colcon.colcon_core.package_identification:_identify(scout_description) by extension 'ros'
[0.091s] DEBUG:colcon.colcon_core.package_identification:Package 'scout_description' with type 'ros.ament_cmake' and name 'scout_description'
[0.091s] Level 1:colcon.colcon_core.package_identification:_identify(scout_msgs) by extensions ['ignore', 'ignore_ament_install']
[0.091s] Level 1:colcon.colcon_core.package_identification:_identify(scout_msgs) by extension 'ignore'
[0.091s] Level 1:colcon.colcon_core.package_identification:_identify(scout_msgs) by extension 'ignore_ament_install'
[0.091s] Level 1:colcon.colcon_core.package_identification:_identify(scout_msgs) by extensions ['colcon_pkg']
[0.091s] Level 1:colcon.colcon_core.package_identification:_identify(scout_msgs) by extension 'colcon_pkg'
[0.091s] Level 1:colcon.colcon_core.package_identification:_identify(scout_msgs) by extensions ['colcon_meta']
[0.091s] Level 1:colcon.colcon_core.package_identification:_identify(scout_msgs) by extension 'colcon_meta'
[0.091s] Level 1:colcon.colcon_core.package_identification:_identify(scout_msgs) by extensions ['ros']
[0.091s] Level 1:colcon.colcon_core.package_identification:_identify(scout_msgs) by extension 'ros'
[0.091s] DEBUG:colcon.colcon_core.package_identification:Package 'scout_msgs' with type 'ros.ament_cmake' and name 'scout_msgs'
[0.091s] Level 1:colcon.colcon_core.package_discovery:discover_packages(recursive) using defaults
[0.091s] Level 1:colcon.colcon_core.package_discovery:discover_packages(ignore) discover
[0.091s] Level 1:colcon.colcon_core.package_discovery:discover_packages(ignore) using defaults
[0.091s] Level 1:colcon.colcon_core.package_discovery:discover_packages(path) discover
[0.091s] Level 1:colcon.colcon_core.package_discovery:discover_packages(path) using defaults
[0.103s] INFO:colcon.colcon_core.package_selection:Skipping not selected package 'scout_msgs' in 'scout_msgs'
[0.103s] INFO:colcon.colcon_core.package_selection:Skipping not selected package 'scout_base' in 'scout_base'
[0.103s] Level 1:colcon.colcon_core.package_discovery:discover_packages(prefix_path) check parameters
[0.104s] Level 1:colcon.colcon_core.package_discovery:discover_packages(prefix_path) discover
[0.105s] DEBUG:colcon.colcon_installed_package_information.package_discovery:Found 410 installed packages in /opt/ros/humble
[0.106s] Level 1:colcon.colcon_core.package_discovery:discover_packages(prefix_path) using defaults
[0.131s] Level 5:colcon.colcon_core.verb:set package 'scout_description' build argument 'cmake_args' from command line to 'None'
[0.131s] Level 5:colcon.colcon_core.verb:set package 'scout_description' build argument 'cmake_target' from command line to 'None'
[0.131s] Level 5:colcon.colcon_core.verb:set package 'scout_description' build argument 'cmake_target_skip_unavailable' from command line to 'False'
[0.131s] Level 5:colcon.colcon_core.verb:set package 'scout_description' build argument 'cmake_clean_cache' from command line to 'False'
[0.131s] Level 5:colcon.colcon_core.verb:set package 'scout_description' build argument 'cmake_clean_first' from command line to 'False'
[0.131s] Level 5:colcon.colcon_core.verb:set package 'scout_description' build argument 'cmake_force_configure' from command line to 'False'
[0.131s] Level 5:colcon.colcon_core.verb:set package 'scout_description' build argument 'ament_cmake_args' from command line to 'None'
[0.131s] Level 5:colcon.colcon_core.verb:set package 'scout_description' build argument 'catkin_cmake_args' from command line to 'None'
[0.131s] Level 5:colcon.colcon_core.verb:set package 'scout_description' build argument 'catkin_skip_building_tests' from command line to 'False'
[0.131s] DEBUG:colcon.colcon_core.verb:Building package 'scout_description' with the following arguments: {'ament_cmake_args': None, 'build_base': '/home/mvai/Documents/zjl/Agentic_Robotics/scout_ros2/build/scout_description', 'catkin_cmake_args': None, 'catkin_skip_building_tests': False, 'cmake_args': None, 'cmake_clean_cache': False, 'cmake_clean_first': False, 'cmake_force_configure': False, 'cmake_target': None, 'cmake_target_skip_unavailable': False, 'install_base': '/home/mvai/Documents/zjl/Agentic_Robotics/scout_ros2/install/scout_description', 'merge_install': False, 'path': '/home/mvai/Documents/zjl/Agentic_Robotics/scout_ros2/scout_description', 'symlink_install': False, 'test_result_base': None}
[0.131s] INFO:colcon.colcon_core.executor:Executing jobs using 'parallel' executor
[0.133s] DEBUG:colcon.colcon_parallel_executor.executor.parallel:run_until_complete
[0.133s] INFO:colcon.colcon_ros.task.ament_cmake.build:Building ROS package in '/home/mvai/Documents/zjl/Agentic_Robotics/scout_ros2/scout_description' with build type 'ament_cmake'
[0.133s] INFO:colcon.colcon_cmake.task.cmake.build:Building CMake package in '/home/mvai/Documents/zjl/Agentic_Robotics/scout_ros2/scout_description'
[0.134s] INFO:colcon.colcon_core.plugin_system:Skipping extension 'colcon_core.shell.bat': Not used on non-Windows systems
[0.134s] INFO:colcon.colcon_core.shell:Skip shell extension 'powershell' for command environment: Not usable outside of PowerShell
[0.134s] DEBUG:colcon.colcon_core.shell:Skip shell extension 'dsv' for command environment
[0.141s] DEBUG:colcon.colcon_core.event_handler.log_command:Invoking command in '/home/mvai/Documents/zjl/Agentic_Robotics/scout_ros2/build/scout_description': CMAKE_PREFIX_PATH=/opt/ros/humble /usr/bin/cmake --build /home/mvai/Documents/zjl/Agentic_Robotics/scout_ros2/build/scout_description -- -j24 -l24
[0.171s] DEBUG:colcon.colcon_core.event_handler.log_command:Invoked command in '/home/mvai/Documents/zjl/Agentic_Robotics/scout_ros2/build/scout_description' returned '0': CMAKE_PREFIX_PATH=/opt/ros/humble /usr/bin/cmake --build /home/mvai/Documents/zjl/Agentic_Robotics/scout_ros2/build/scout_description -- -j24 -l24
[0.176s] DEBUG:colcon.colcon_core.event_handler.log_command:Invoking command in '/home/mvai/Documents/zjl/Agentic_Robotics/scout_ros2/build/scout_description': CMAKE_PREFIX_PATH=/opt/ros/humble /usr/bin/cmake --install /home/mvai/Documents/zjl/Agentic_Robotics/scout_ros2/build/scout_description
[0.183s] Level 1:colcon.colcon_core.environment:create_environment_scripts_only(scout_description)
[0.184s] DEBUG:colcon.colcon_core.event_handler.log_command:Invoked command in '/home/mvai/Documents/zjl/Agentic_Robotics/scout_ros2/build/scout_description' returned '0': CMAKE_PREFIX_PATH=/opt/ros/humble /usr/bin/cmake --install /home/mvai/Documents/zjl/Agentic_Robotics/scout_ros2/build/scout_description
[0.186s] Level 1:colcon.colcon_core.environment:checking '/home/mvai/Documents/zjl/Agentic_Robotics/scout_ros2/install/scout_description' for CMake module files
[0.187s] Level 1:colcon.colcon_core.environment:checking '/home/mvai/Documents/zjl/Agentic_Robotics/scout_ros2/install/scout_description' for CMake config files
[0.187s] Level 1:colcon.colcon_core.shell:create_environment_hook('scout_description', 'cmake_prefix_path')
[0.187s] INFO:colcon.colcon_core.shell:Creating environment hook '/home/mvai/Documents/zjl/Agentic_Robotics/scout_ros2/install/scout_description/share/scout_description/hook/cmake_prefix_path.ps1'
[0.188s] INFO:colcon.colcon_core.shell:Creating environment descriptor '/home/mvai/Documents/zjl/Agentic_Robotics/scout_ros2/install/scout_description/share/scout_description/hook/cmake_prefix_path.dsv'
[0.188s] INFO:colcon.colcon_core.shell:Creating environment hook '/home/mvai/Documents/zjl/Agentic_Robotics/scout_ros2/install/scout_description/share/scout_description/hook/cmake_prefix_path.sh'
[0.189s] Level 1:colcon.colcon_core.environment:checking '/home/mvai/Documents/zjl/Agentic_Robotics/scout_ros2/install/scout_description/bin'
[0.189s] Level 1:colcon.colcon_core.environment:checking '/home/mvai/Documents/zjl/Agentic_Robotics/scout_ros2/install/scout_description/lib/pkgconfig/scout_description.pc'
[0.189s] Level 1:colcon.colcon_core.environment:checking '/home/mvai/Documents/zjl/Agentic_Robotics/scout_ros2/install/scout_description/lib/python3.10/site-packages'
[0.190s] Level 1:colcon.colcon_core.environment:checking '/home/mvai/Documents/zjl/Agentic_Robotics/scout_ros2/install/scout_description/bin'
[0.190s] INFO:colcon.colcon_core.shell:Creating package script '/home/mvai/Documents/zjl/Agentic_Robotics/scout_ros2/install/scout_description/share/scout_description/package.ps1'
[0.191s] INFO:colcon.colcon_core.shell:Creating package descriptor '/home/mvai/Documents/zjl/Agentic_Robotics/scout_ros2/install/scout_description/share/scout_description/package.dsv'
[0.191s] INFO:colcon.colcon_core.shell:Creating package script '/home/mvai/Documents/zjl/Agentic_Robotics/scout_ros2/install/scout_description/share/scout_description/package.sh'
[0.192s] INFO:colcon.colcon_core.shell:Creating package script '/home/mvai/Documents/zjl/Agentic_Robotics/scout_ros2/install/scout_description/share/scout_description/package.bash'
[0.193s] INFO:colcon.colcon_core.shell:Creating package script '/home/mvai/Documents/zjl/Agentic_Robotics/scout_ros2/install/scout_description/share/scout_description/package.zsh'
[0.193s] Level 1:colcon.colcon_core.environment:create_file_with_runtime_dependencies(/home/mvai/Documents/zjl/Agentic_Robotics/scout_ros2/install/scout_description/share/colcon-core/packages/scout_description)
[0.194s] Level 1:colcon.colcon_core.environment:create_environment_scripts_only(scout_description)
[0.194s] Level 1:colcon.colcon_core.environment:checking '/home/mvai/Documents/zjl/Agentic_Robotics/scout_ros2/install/scout_description' for CMake module files
[0.194s] Level 1:colcon.colcon_core.environment:checking '/home/mvai/Documents/zjl/Agentic_Robotics/scout_ros2/install/scout_description' for CMake config files
[0.194s] Level 1:colcon.colcon_core.shell:create_environment_hook('scout_description', 'cmake_prefix_path')
[0.195s] INFO:colcon.colcon_core.shell:Creating environment hook '/home/mvai/Documents/zjl/Agentic_Robotics/scout_ros2/install/scout_description/share/scout_description/hook/cmake_prefix_path.ps1'
[0.195s] INFO:colcon.colcon_core.shell:Creating environment descriptor '/home/mvai/Documents/zjl/Agentic_Robotics/scout_ros2/install/scout_description/share/scout_description/hook/cmake_prefix_path.dsv'
[0.195s] INFO:colcon.colcon_core.shell:Creating environment hook '/home/mvai/Documents/zjl/Agentic_Robotics/scout_ros2/install/scout_description/share/scout_description/hook/cmake_prefix_path.sh'
[0.196s] Level 1:colcon.colcon_core.environment:checking '/home/mvai/Documents/zjl/Agentic_Robotics/scout_ros2/install/scout_description/bin'
[0.196s] Level 1:colcon.colcon_core.environment:checking '/home/mvai/Documents/zjl/Agentic_Robotics/scout_ros2/install/scout_description/lib/pkgconfig/scout_description.pc'
[0.196s] Level 1:colcon.colcon_core.environment:checking '/home/mvai/Documents/zjl/Agentic_Robotics/scout_ros2/install/scout_description/lib/python3.10/site-packages'
[0.196s] Level 1:colcon.colcon_core.environment:checking '/home/mvai/Documents/zjl/Agentic_Robotics/scout_ros2/install/scout_description/bin'
[0.197s] INFO:colcon.colcon_core.shell:Creating package script '/home/mvai/Documents/zjl/Agentic_Robotics/scout_ros2/install/scout_description/share/scout_description/package.ps1'
[0.197s] INFO:colcon.colcon_core.shell:Creating package descriptor '/home/mvai/Documents/zjl/Agentic_Robotics/scout_ros2/install/scout_description/share/scout_description/package.dsv'
[0.197s] INFO:colcon.colcon_core.shell:Creating package script '/home/mvai/Documents/zjl/Agentic_Robotics/scout_ros2/install/scout_description/share/scout_description/package.sh'
[0.198s] INFO:colcon.colcon_core.shell:Creating package script '/home/mvai/Documents/zjl/Agentic_Robotics/scout_ros2/install/scout_description/share/scout_description/package.bash'
[0.198s] INFO:colcon.colcon_core.shell:Creating package script '/home/mvai/Documents/zjl/Agentic_Robotics/scout_ros2/install/scout_description/share/scout_description/package.zsh'
[0.198s] Level 1:colcon.colcon_core.environment:create_file_with_runtime_dependencies(/home/mvai/Documents/zjl/Agentic_Robotics/scout_ros2/install/scout_description/share/colcon-core/packages/scout_description)
[0.198s] DEBUG:colcon.colcon_parallel_executor.executor.parallel:closing loop
[0.198s] DEBUG:colcon.colcon_parallel_executor.executor.parallel:loop closed
[0.198s] DEBUG:colcon.colcon_parallel_executor.executor.parallel:run_until_complete finished with '0'
[0.198s] DEBUG:colcon.colcon_core.event_reactor:joining thread
[0.206s] INFO:colcon.colcon_core.plugin_system:Skipping extension 'colcon_notification.desktop_notification.terminal_notifier': Not used on non-Darwin systems
[0.206s] INFO:colcon.colcon_core.plugin_system:Skipping extension 'colcon_notification.desktop_notification.win32': Not used on non-Windows systems
[0.206s] INFO:colcon.colcon_notification.desktop_notification:Sending desktop notification using 'notify2'
[0.218s] DEBUG:colcon.colcon_core.event_reactor:joined thread
[0.218s] INFO:colcon.colcon_core.shell:Creating prefix script '/home/mvai/Documents/zjl/Agentic_Robotics/scout_ros2/install/local_setup.ps1'
[0.219s] INFO:colcon.colcon_core.shell:Creating prefix util module '/home/mvai/Documents/zjl/Agentic_Robotics/scout_ros2/install/_local_setup_util_ps1.py'
[0.219s] INFO:colcon.colcon_core.shell:Creating prefix chain script '/home/mvai/Documents/zjl/Agentic_Robotics/scout_ros2/install/setup.ps1'
[0.220s] INFO:colcon.colcon_core.shell:Creating prefix script '/home/mvai/Documents/zjl/Agentic_Robotics/scout_ros2/install/local_setup.sh'
[0.220s] INFO:colcon.colcon_core.shell:Creating prefix util module '/home/mvai/Documents/zjl/Agentic_Robotics/scout_ros2/install/_local_setup_util_sh.py'
[0.220s] INFO:colcon.colcon_core.shell:Creating prefix chain script '/home/mvai/Documents/zjl/Agentic_Robotics/scout_ros2/install/setup.sh'
[0.221s] INFO:colcon.colcon_core.shell:Creating prefix script '/home/mvai/Documents/zjl/Agentic_Robotics/scout_ros2/install/local_setup.bash'
[0.221s] INFO:colcon.colcon_core.shell:Creating prefix chain script '/home/mvai/Documents/zjl/Agentic_Robotics/scout_ros2/install/setup.bash'
[0.222s] INFO:colcon.colcon_core.shell:Creating prefix script '/home/mvai/Documents/zjl/Agentic_Robotics/scout_ros2/install/local_setup.zsh'
[0.222s] INFO:colcon.colcon_core.shell:Creating prefix chain script '/home/mvai/Documents/zjl/Agentic_Robotics/scout_ros2/install/setup.zsh'
