-- Found ament_cmake: 1.3.14 (/opt/ros/humble/share/ament_cmake/cmake)
-- Found rclcpp: 16.0.21 (/opt/ros/humble/share/rclcpp/cmake)
-- Found rosidl_generator_c: 3.1.9 (/opt/ros/humble/share/rosidl_generator_c/cmake)
-- Found rosidl_adapter: 3.1.9 (/opt/ros/humble/share/rosidl_adapter/cmake)
-- Found rosidl_generator_cpp: 3.1.9 (/opt/ros/humble/share/rosidl_generator_cpp/cmake)
-- Using all available rosidl_typesupport_c: rosidl_typesupport_fastrtps_c;rosidl_typesupport_introspection_c
-- Using all available rosidl_typesupport_cpp: rosidl_typesupport_fastrtps_cpp;rosidl_typesupport_introspection_cpp
-- Found rmw_implementation_cmake: 6.1.4 (/opt/ros/humble/share/rmw_implementation_cmake/cmake)
-- Found rmw_fastrtps_cpp: 6.2.10 (/opt/ros/humble/share/rmw_fastrtps_cpp/cmake)
-- Using RMW implementation 'rmw_fastrtps_cpp' as default
-- Found geometry_msgs: 4.9.2 (/opt/ros/humble/share/geometry_msgs/cmake)
-- Found nav_msgs: 4.9.2 (/opt/ros/humble/share/nav_msgs/cmake)
-- Found sensor_msgs: 4.9.2 (/opt/ros/humble/share/sensor_msgs/cmake)
-- Found tf2: 0.25.23 (/opt/ros/humble/share/tf2/cmake)
-- Found tf2_ros: 0.25.23 (/opt/ros/humble/share/tf2_ros/cmake)
-- Found tf2_geometry_msgs: 0.25.23 (/opt/ros/humble/share/tf2_geometry_msgs/cmake)
-- Found eigen3_cmake_module: 0.1.1 (/opt/ros/humble/share/eigen3_cmake_module/cmake)
-- Ensuring Eigen3 include directory is part of orocos-kdl CMake target
-- Found scout_msgs: 0.1.0 (/home/mvai/Documents/zjl/Agentic_Robotics/scout_ros2/install/scout_msgs/share/scout_msgs/cmake)
-- Configuring incomplete, errors occurred!
See also "/home/mvai/Documents/zjl/Agentic_Robotics/scout_ros2/build/scout_base/CMakeFiles/CMakeOutput.log".
[31mCMake Error at CMakeLists.txt:32 (find_package):
  By not providing "Findugv_sdk.cmake" in CMAKE_MODULE_PATH this project has
  asked CMake to find a package configuration file provided by "ugv_sdk", but
  CMake did not find one.

  Could not find a package configuration file provided by "ugv_sdk" with any
  of the following names:

    ugv_sdkConfig.cmake
    ugv_sdk-config.cmake

  Add the installation prefix of "ugv_sdk" to CMAKE_PREFIX_PATH or set
  "ugv_sdk_DIR" to a directory containing one of the above files.  If
  "ugv_sdk" provides a separate development package or SDK, be sure it has
  been installed.

[0m
