[0.008s] Invoking command in '/home/mvai/Documents/zjl/Agentic_Robotics/scout_ros2/build/scout_base': AMENT_PREFIX_PATH=/home/mvai/Documents/zjl/Agentic_Robotics/scout_ros2/install/scout_msgs:${AMENT_PREFIX_PATH} CMAKE_PREFIX_PATH=/home/mvai/Documents/zjl/Agentic_Robotics/scout_ros2/install/scout_msgs:/home/mvai/Documents/zjl/Agentic_Robotics/scout_ros2/install/scout_description:/opt/ros/humble LD_LIBRARY_PATH=/home/mvai/Documents/zjl/Agentic_Robotics/scout_ros2/install/scout_msgs/lib:${LD_LIBRARY_PATH} PYTHONPATH=/home/mvai/Documents/zjl/Agentic_Robotics/scout_ros2/install/scout_msgs/local/lib/python3.10/dist-packages:${PYTHONPATH} /usr/bin/cmake /home/mvai/Documents/zjl/Agentic_Robotics/scout_ros2/scout_base -DCMAKE_INSTALL_PREFIX=/home/mvai/Documents/zjl/Agentic_Robotics/scout_ros2/install/scout_base
[0.018s] -- Found ament_cmake: 1.3.14 (/opt/ros/humble/share/ament_cmake/cmake)
[0.104s] -- Found rclcpp: 16.0.21 (/opt/ros/humble/share/rclcpp/cmake)
[0.121s] -- Found rosidl_generator_c: 3.1.9 (/opt/ros/humble/share/rosidl_generator_c/cmake)
[0.122s] -- Found rosidl_adapter: 3.1.9 (/opt/ros/humble/share/rosidl_adapter/cmake)
[0.126s] -- Found rosidl_generator_cpp: 3.1.9 (/opt/ros/humble/share/rosidl_generator_cpp/cmake)
[0.131s] -- Using all available rosidl_typesupport_c: rosidl_typesupport_fastrtps_c;rosidl_typesupport_introspection_c
[0.138s] -- Using all available rosidl_typesupport_cpp: rosidl_typesupport_fastrtps_cpp;rosidl_typesupport_introspection_cpp
[0.157s] -- Found rmw_implementation_cmake: 6.1.4 (/opt/ros/humble/share/rmw_implementation_cmake/cmake)
[0.158s] -- Found rmw_fastrtps_cpp: 6.2.10 (/opt/ros/humble/share/rmw_fastrtps_cpp/cmake)
[0.221s] -- Using RMW implementation 'rmw_fastrtps_cpp' as default
[0.248s] -- Found geometry_msgs: 4.9.2 (/opt/ros/humble/share/geometry_msgs/cmake)
[0.254s] -- Found nav_msgs: 4.9.2 (/opt/ros/humble/share/nav_msgs/cmake)
[0.262s] -- Found sensor_msgs: 4.9.2 (/opt/ros/humble/share/sensor_msgs/cmake)
[0.271s] -- Found tf2: 0.25.23 (/opt/ros/humble/share/tf2/cmake)
[0.273s] -- Found tf2_ros: 0.25.23 (/opt/ros/humble/share/tf2_ros/cmake)
[0.313s] -- Found tf2_geometry_msgs: 0.25.23 (/opt/ros/humble/share/tf2_geometry_msgs/cmake)
[0.315s] -- Found eigen3_cmake_module: 0.1.1 (/opt/ros/humble/share/eigen3_cmake_module/cmake)
[0.316s] -- Ensuring Eigen3 include directory is part of orocos-kdl CMake target
[0.316s] -- Found scout_msgs: 0.1.0 (/home/mvai/Documents/zjl/Agentic_Robotics/scout_ros2/install/scout_msgs/share/scout_msgs/cmake)
[0.329s] -- Configuring incomplete, errors occurred!
[0.329s] See also "/home/mvai/Documents/zjl/Agentic_Robotics/scout_ros2/build/scout_base/CMakeFiles/CMakeOutput.log".
[0.330s] [31mCMake Error at CMakeLists.txt:32 (find_package):
[0.330s]   By not providing "Findugv_sdk.cmake" in CMAKE_MODULE_PATH this project has
[0.330s]   asked CMake to find a package configuration file provided by "ugv_sdk", but
[0.330s]   CMake did not find one.
[0.330s] 
[0.330s]   Could not find a package configuration file provided by "ugv_sdk" with any
[0.330s]   of the following names:
[0.330s] 
[0.330s]     ugv_sdkConfig.cmake
[0.330s]     ugv_sdk-config.cmake
[0.330s] 
[0.330s]   Add the installation prefix of "ugv_sdk" to CMAKE_PREFIX_PATH or set
[0.330s]   "ugv_sdk_DIR" to a directory containing one of the above files.  If
[0.330s]   "ugv_sdk" provides a separate development package or SDK, be sure it has
[0.330s]   been installed.
[0.330s] 
[0.331s] [0m
[0.334s] Invoked command in '/home/mvai/Documents/zjl/Agentic_Robotics/scout_ros2/build/scout_base' returned '1': AMENT_PREFIX_PATH=/home/mvai/Documents/zjl/Agentic_Robotics/scout_ros2/install/scout_msgs:${AMENT_PREFIX_PATH} CMAKE_PREFIX_PATH=/home/mvai/Documents/zjl/Agentic_Robotics/scout_ros2/install/scout_msgs:/home/mvai/Documents/zjl/Agentic_Robotics/scout_ros2/install/scout_description:/opt/ros/humble LD_LIBRARY_PATH=/home/mvai/Documents/zjl/Agentic_Robotics/scout_ros2/install/scout_msgs/lib:${LD_LIBRARY_PATH} PYTHONPATH=/home/mvai/Documents/zjl/Agentic_Robotics/scout_ros2/install/scout_msgs/local/lib/python3.10/dist-packages:${PYTHONPATH} /usr/bin/cmake /home/mvai/Documents/zjl/Agentic_Robotics/scout_ros2/scout_base -DCMAKE_INSTALL_PREFIX=/home/mvai/Documents/zjl/Agentic_Robotics/scout_ros2/install/scout_base
